
Optional file libmchp_peripheral.a not found

Optional file libmchp_peripheral_32MX130F064B.a not found
Archive member included because of file (symbol)

c:/program files (x86)/microchip/xc32/v2.15/bin/bin/../../lib/gcc/pic32mx/4.8.3/../../../../pic32mx/lib\libpic32.a(default-bootstrap-exception-handler.o)
                              C:\Users\SERCAS~1\AppData\Local\Temp\ccjKa6Fq.o (_bootstrap_exception_handler)
c:/program files (x86)/microchip/xc32/v2.15/bin/bin/../../lib/gcc/pic32mx/4.8.3/../../../../pic32mx/lib\libpic32.a(default-on-reset.o)
                              C:\Users\SERCAS~1\AppData\Local\Temp\ccjKa6Fq.o (_on_reset)
c:/program files (x86)/microchip/xc32/v2.15/bin/bin/../../lib/gcc/pic32mx/4.8.3/../../../../pic32mx/lib\libpic32.a(default-on-bootstrap.o)
                              C:\Users\SERCAS~1\AppData\Local\Temp\ccjKa6Fq.o (_on_bootstrap)
c:/program files (x86)/microchip/xc32/v2.15/bin/bin/../../lib/gcc/pic32mx/4.8.3/../../../../pic32mx/lib\libpic32.a(default-nmi-handler.o)
                              C:\Users\SERCAS~1\AppData\Local\Temp\ccjKa6Fq.o (_nmi_handler)
c:/program files (x86)/microchip/xc32/v2.15/bin/bin/../../lib/gcc/pic32mx/4.8.3/../../../../pic32mx/lib\libpic32.a(pic32_data_init.o)
                              C:\Users\SERCAS~1\AppData\Local\Temp\ccjKa6Fq.o (__pic32_data_init)
c:/program files (x86)/microchip/xc32/v2.15/bin/bin/../../lib/gcc/pic32mx/4.8.3/../../../../pic32mx/lib\libpic32.a(general-exception.o)
                              C:\Users\SERCAS~1\AppData\Local\Temp\ccjKa6Fq.o (_general_exception_context)
c:/program files (x86)/microchip/xc32/v2.15/bin/bin/../../lib/gcc/pic32mx/4.8.3/../../../../pic32mx/lib\libpic32.a(vector0.o)
                              C:\Users\SERCAS~1\AppData\Local\Temp\ccDp5uqY.o (__vector_dispatch_0)
c:/program files (x86)/microchip/xc32/v2.15/bin/bin/../../lib/gcc/pic32mx/4.8.3/../../../../pic32mx/lib\libpic32.a(vector1.o)
                              C:\Users\SERCAS~1\AppData\Local\Temp\ccDp5uqY.o (__vector_dispatch_1)
c:/program files (x86)/microchip/xc32/v2.15/bin/bin/../../lib/gcc/pic32mx/4.8.3/../../../../pic32mx/lib\libpic32.a(vector2.o)
                              C:\Users\SERCAS~1\AppData\Local\Temp\ccDp5uqY.o (__vector_dispatch_2)
c:/program files (x86)/microchip/xc32/v2.15/bin/bin/../../lib/gcc/pic32mx/4.8.3/../../../../pic32mx/lib\libpic32.a(vector3.o)
                              C:\Users\SERCAS~1\AppData\Local\Temp\ccDp5uqY.o (__vector_dispatch_3)
c:/program files (x86)/microchip/xc32/v2.15/bin/bin/../../lib/gcc/pic32mx/4.8.3/../../../../pic32mx/lib\libpic32.a(vector4.o)
                              C:\Users\SERCAS~1\AppData\Local\Temp\ccDp5uqY.o (__vector_dispatch_4)
c:/program files (x86)/microchip/xc32/v2.15/bin/bin/../../lib/gcc/pic32mx/4.8.3/../../../../pic32mx/lib\libpic32.a(vector5.o)
                              C:\Users\SERCAS~1\AppData\Local\Temp\ccDp5uqY.o (__vector_dispatch_5)
c:/program files (x86)/microchip/xc32/v2.15/bin/bin/../../lib/gcc/pic32mx/4.8.3/../../../../pic32mx/lib\libpic32.a(vector6.o)
                              C:\Users\SERCAS~1\AppData\Local\Temp\ccDp5uqY.o (__vector_dispatch_6)
c:/program files (x86)/microchip/xc32/v2.15/bin/bin/../../lib/gcc/pic32mx/4.8.3/../../../../pic32mx/lib\libpic32.a(vector7.o)
                              C:\Users\SERCAS~1\AppData\Local\Temp\ccDp5uqY.o (__vector_dispatch_7)
c:/program files (x86)/microchip/xc32/v2.15/bin/bin/../../lib/gcc/pic32mx/4.8.3/../../../../pic32mx/lib\libpic32.a(vector9.o)
                              C:\Users\SERCAS~1\AppData\Local\Temp\ccDp5uqY.o (__vector_dispatch_9)
c:/program files (x86)/microchip/xc32/v2.15/bin/bin/../../lib/gcc/pic32mx/4.8.3/../../../../pic32mx/lib\libpic32.a(vector10.o)
                              C:\Users\SERCAS~1\AppData\Local\Temp\ccDp5uqY.o (__vector_dispatch_10)
c:/program files (x86)/microchip/xc32/v2.15/bin/bin/../../lib/gcc/pic32mx/4.8.3/../../../../pic32mx/lib\libpic32.a(vector11.o)
                              C:\Users\SERCAS~1\AppData\Local\Temp\ccDp5uqY.o (__vector_dispatch_11)
c:/program files (x86)/microchip/xc32/v2.15/bin/bin/../../lib/gcc/pic32mx/4.8.3/../../../../pic32mx/lib\libpic32.a(vector13.o)
                              C:\Users\SERCAS~1\AppData\Local\Temp\ccDp5uqY.o (__vector_dispatch_13)
c:/program files (x86)/microchip/xc32/v2.15/bin/bin/../../lib/gcc/pic32mx/4.8.3/../../../../pic32mx/lib\libpic32.a(vector14.o)
                              C:\Users\SERCAS~1\AppData\Local\Temp\ccDp5uqY.o (__vector_dispatch_14)
c:/program files (x86)/microchip/xc32/v2.15/bin/bin/../../lib/gcc/pic32mx/4.8.3/../../../../pic32mx/lib\libpic32.a(vector15.o)
                              C:\Users\SERCAS~1\AppData\Local\Temp\ccDp5uqY.o (__vector_dispatch_15)
c:/program files (x86)/microchip/xc32/v2.15/bin/bin/../../lib/gcc/pic32mx/4.8.3/../../../../pic32mx/lib\libpic32.a(vector16.o)
                              C:\Users\SERCAS~1\AppData\Local\Temp\ccDp5uqY.o (__vector_dispatch_16)
[...]
Memory Configuration

Name             Origin             Length             Attributes
kseg0_program_mem 0x9d000000         0x0000f000         xr
exception_mem    0x9d00f000         0x00001000
debug_exec_mem   0x9fc00490         0x00000760
kseg0_boot_mem   0x9fc00490         0x00000000
kseg1_boot_mem   0xbfc00000         0x00000490
config3          0xbfc00bf0         0x00000004
config2          0xbfc00bf4         0x00000004
config1          0xbfc00bf8         0x00000004
config0          0xbfc00bfc         0x00000004
kseg1_data_mem   0xa0000000         0x00004000         w !x
sfrs             0xbf800000         0x00100000
configsfrs       0xbfc00bf0         0x00000010
*default*        0x00000000         0xffffffff

Linker script and memory map

LOAD c:/program files (x86)/microchip/xc32/v2.15/bin/bin/../../lib/gcc/pic32mx/4.8.3/../../../../pic32mx/lib\debug-exception-return.o
LOAD build/default/production/_ext/1361460060/drv_adc_static.o
LOAD build/default/production/_ext/1047219354/drv_oc_mapping.o
LOAD build/default/production/_ext/1047219354/drv_oc_static.o
LOAD build/default/production/_ext/1407244131/drv_tmr_static.o
LOAD build/default/production/_ext/1407244131/drv_tmr_mapping.o
LOAD build/default/production/_ext/327000265/drv_usart_mapping.o
LOAD build/default/production/_ext/327000265/drv_usart_static.o
LOAD build/default/production/_ext/639803181/sys_clk_pic32mx.o
LOAD build/default/production/_ext/340578644/sys_devcon.o
LOAD build/default/production/_ext/340578644/sys_devcon_pic32mx.o
LOAD build/default/production/_ext/822048611/sys_ports_static.o
LOAD build/default/production/_ext/1688732426/system_init.o
LOAD build/default/production/_ext/1688732426/system_interrupt.o
LOAD build/default/production/_ext/1688732426/system_exceptions.o
LOAD build/default/production/_ext/1688732426/system_tasks.o
LOAD build/default/production/_ext/1360937237/app.o
LOAD build/default/production/_ext/1360937237/main.o
LOAD build/default/production/_ext/1360937237/Mc32Debounce.o
LOAD build/default/production/_ext/1360937237/Mc32Delays.o
LOAD build/default/production/_ext/1360937237/sound.o
LOAD build/default/production/_ext/1360937237/RF.o
LOAD build/default/production/_ext/1360937237/led.o
LOAD build/default/production/_ext/1042686532/sys_int_pic32.o
LOAD ..\..\..\..\..\bin\framework\peripheral\PIC32MX130F064B_peripherals.a
                0x00000001                __MPLAB_BUILD = 0x1
                0x00000000                _min_heap_size = 0x0
LOAD C:\Users\SERCAS~1\AppData\Local\Temp\ccjKa6Fq.o
LOAD C:\Users\SERCAS~1\AppData\Local\Temp\ccUocHO1.o
LOAD C:\Users\SERCAS~1\AppData\Local\Temp\ccDp5uqY.o
LOAD c:/program files (x86)/microchip/xc32/v2.15/bin/bin/../../lib/gcc/pic32mx/4.8.3/../../../../pic32mx/lib/./proc/32MX130F064B\default_isr_vectors.o
LOAD c:/program files (x86)/microchip/xc32/v2.15/bin/bin/../../lib/gcc/pic32mx/4.8.3/../../../../pic32mx/lib\pic32_software_reset.o
                0x00000400                PROVIDE (_min_stack_size, 0x400)
START GROUP
LOAD c:/program files (x86)/microchip/xc32/v2.15/bin/bin/../../lib/gcc/pic32mx/4.8.3/../../../../pic32mx/lib/./proc/32MX130F064B\processor.o
END GROUP
START GROUP
LOAD libmchp_peripheral.a
END GROUP
START GROUP
LOAD libmchp_peripheral_32MX130F064B.a
END GROUP
                0x00000001                PROVIDE (_vector_spacing, 0x1)
                0x9d00f000                PROVIDE (_ebase_address, 0x9d00f000)
                0xbfc00000                _RESET_ADDR = 0xbfc00000
                0xbfc00380                _BEV_EXCPT_ADDR = 0xbfc00380
                0xbfc00480                _DBG_EXCPT_ADDR = 0xbfc00480
                0x9fc00490                _DBG_CODE_ADDR = 0x9fc00490
                0x00000760                _DBG_CODE_SIZE = 0x760
                0x9d00f180                _GEN_EXCPT_ADDR = (_ebase_address + 0x180)

.config_BFC00BF0
                0xbfc00bf0        0x4
 *(.config_BFC00BF0)
 .config_BFC00BF0
                0xbfc00bf0        0x4 build/default/production/_ext/1688732426/system_init.o

.config_BFC00BF4
                0xbfc00bf4        0x4
 *(.config_BFC00BF4)
 .config_BFC00BF4
                0xbfc00bf4        0x4 build/default/production/_ext/1688732426/system_init.o

.config_BFC00BF8
                0xbfc00bf8        0x4
 *(.config_BFC00BF8)
 .config_BFC00BF8
                0xbfc00bf8        0x4 build/default/production/_ext/1688732426/system_init.o

.config_BFC00BFC
                0xbfc00bfc        0x4
 *(.config_BFC00BFC)
 .config_BFC00BFC
                0xbfc00bfc        0x4 build/default/production/_ext/1688732426/system_init.o
                0xbfc02000                PROVIDE (_DBG_CODE_ADDR, 0xbfc02000)
                0x00000ff0                PROVIDE (_DBG_CODE_SIZE, 0xff0)

.reset          0xbfc00000      0x184
 *(.reset)
 .reset         0xbfc00000        0x8 C:\Users\SERCAS~1\AppData\Local\Temp\ccjKa6Fq.o
                0xbfc00000                _reset
 *(.reset.startup)
 .reset.startup
                0xbfc00008      0x17c C:\Users\SERCAS~1\AppData\Local\Temp\ccjKa6Fq.o
                0xbfc00008                _startup

.bev_excpt      0xbfc00380       0x10
 *(.bev_handler)
 .bev_handler   0xbfc00380       0x10 C:\Users\SERCAS~1\AppData\Local\Temp\ccjKa6Fq.o

.dbg_excpt      0xbfc00480        0x0
                0xbfc00480                . = (. + DEFINED (_DEBUGGER)?0x8:0x0)

.dbg_code       0x9fc00490        0x0
                0x9fc00490                . = (. + DEFINED (_DEBUGGER)?_DBG_CODE_SIZE:0x0)

.app_excpt      0x9d00f180       0x10
 *(.gen_handler)
 .gen_handler   0x9d00f180       0x10 C:\Users\SERCAS~1\AppData\Local\Temp\ccjKa6Fq.o

.vector_0       0x9d00f200        0x8
 *(.vector_0)
 .vector_0      0x9d00f200        0x8 c:/program files (x86)/microchip/xc32/v2.15/bin/bin/../../lib/gcc/pic32mx/4.8.3/../../../../pic32mx/lib\libpic32.a(vector0.o)
                0x9d00f200                __vector_dispatch_0
                0x00000001                ASSERT (((_vector_spacing == 0x0) || (SIZEOF (.vector_0) <= (_vector_spacing << 0x5))), function at exception vector 0 too large)

.vector_1       0x9d00f220        0x8
 *(.vector_1)
 .vector_1      0x9d00f220        0x8 c:/program files (x86)/microchip/xc32/v2.15/bin/bin/../../lib/gcc/pic32mx/4.8.3/../../../../pic32mx/lib\libpic32.a(vector1.o)
                0x9d00f220                __vector_dispatch_1
                0x00000001                ASSERT (((_vector_spacing == 0x0) || (SIZEOF (.vector_1) <= (_vector_spacing << 0x5))), function at exception vector 1 too large)

.vector_2       0x9d00f240        0x8
 *(.vector_2)
 .vector_2      0x9d00f240        0x8 c:/program files (x86)/microchip/xc32/v2.15/bin/bin/../../lib/gcc/pic32mx/4.8.3/../../../../pic32mx/lib\libpic32.a(vector2.o)
                0x9d00f240                __vector_dispatch_2
                0x00000001                ASSERT (((_vector_spacing == 0x0) || (SIZEOF (.vector_2) <= (_vector_spacing << 0x5))), function at exception vector 2 too large)

.vector_3       0x9d00f260        0x8
 *(.vector_3)
 .vector_3      0x9d00f260        0x8 c:/program files (x86)/microchip/xc32/v2.15/bin/bin/../../lib/gcc/pic32mx/4.8.3/../../../../pic32mx/lib\libpic32.a(vector3.o)
                0x9d00f260                __vector_dispatch_3
                0x00000001                ASSERT (((_vector_spacing == 0x0) || (SIZEOF (.vector_3) <= (_vector_spacing << 0x5))), function at exception vector 3 too large)

.vector_4       0x9d00f280        0x8
 *(.vector_4)
 .vector_4      0x9d00f280        0x8 c:/program files (x86)/microchip/xc32/v2.15/bin/bin/../../lib/gcc/pic32mx/4.8.3/../../../../pic32mx/lib\libpic32.a(vector4.o)
                0x9d00f280                __vector_dispatch_4
                0x00000001                ASSERT (((_vector_spacing == 0x0) || (SIZEOF (.vector_4) <= (_vector_spacing << 0x5))), function at exception vector 4 too large)

.vector_5       0x9d00f2a0        0x8
 *(.vector_5)
 .vector_5      0x9d00f2a0        0x8 c:/program files (x86)/microchip/xc32/v2.15/bin/bin/../../lib/gcc/pic32mx/4.8.3/../../../../pic32mx/lib\libpic32.a(vector5.o)
                0x9d00f2a0                __vector_dispatch_5
                0x00000001                ASSERT (((_vector_spacing == 0x0) || (SIZEOF (.vector_5) <= (_vector_spacing << 0x5))), function at exception vector 5 too large)

.vector_6       0x9d00f2c0        0x8
 *(.vector_6)
 .vector_6      0x9d00f2c0        0x8 c:/program files (x86)/microchip/xc32/v2.15/bin/bin/../../lib/gcc/pic32mx/4.8.3/../../../../pic32mx/lib\libpic32.a(vector6.o)
                0x9d00f2c0                __vector_dispatch_6
                0x00000001                ASSERT (((_vector_spacing == 0x0) || (SIZEOF (.vector_6) <= (_vector_spacing << 0x5))), function at exception vector 6 too large)

.vector_7       0x9d00f2e0        0x8
 *(.vector_7)
 .vector_7      0x9d00f2e0        0x8 c:/program files (x86)/microchip/xc32/v2.15/bin/bin/../../lib/gcc/pic32mx/4.8.3/../../../../pic32mx/lib\libpic32.a(vector7.o)
                0x9d00f2e0                __vector_dispatch_7
                0x00000001                ASSERT (((_vector_spacing == 0x0) || (SIZEOF (.vector_7) <= (_vector_spacing << 0x5))), function at exception vector 7 too large)

.vector_8       0x9d00f300        0x8
 *(.vector_8)
 .vector_8      0x9d00f300        0x8 build/default/production/_ext/1688732426/system_interrupt.o
                0x9d00f300                __vector_dispatch_8
                0x00000001                ASSERT (((_vector_spacing == 0x0) || (SIZEOF (.vector_8) <= (_vector_spacing << 0x5))), function at exception vector 8 too large)

.vector_9       0x9d00f320        0x8
 *(.vector_9)
 .vector_9      0x9d00f320        0x8 c:/program files (x86)/microchip/xc32/v2.15/bin/bin/../../lib/gcc/pic32mx/4.8.3/../../../../pic32mx/lib\libpic32.a(vector9.o)
                0x9d00f320                __vector_dispatch_9
                0x00000001                ASSERT (((_vector_spacing == 0x0) || (SIZEOF (.vector_9) <= (_vector_spacing << 0x5))), function at exception vector 9 too large)

.vector_10      0x9d00f340        0x8
 *(.vector_10)
 .vector_10     0x9d00f340        0x8 c:/program files (x86)/microchip/xc32/v2.15/bin/bin/../../lib/gcc/pic32mx/4.8.3/../../../../pic32mx/lib\libpic32.a(vector10.o)
                0x9d00f340                __vector_dispatch_10
                0x00000001                ASSERT (((_vector_spacing == 0x0) || (SIZEOF (.vector_10) <= (_vector_spacing << 0x5))), function at exception vector 10 too large)

.vector_11      0x9d00f360        0x8
 *(.vector_11)
 .vector_11     0x9d00f360        0x8 c:/program files (x86)/microchip/xc32/v2.15/bin/bin/../../lib/gcc/pic32mx/4.8.3/../../../../pic32mx/lib\libpic32.a(vector11.o)
                0x9d00f360                __vector_dispatch_11
                0x00000001                ASSERT (((_vector_spacing == 0x0) || (SIZEOF (.vector_11) <= (_vector_spacing << 0x5))), function at exception vector 11 too large)

.vector_12      0x9d00f380        0x8
 *(.vector_12)
 .vector_12     0x9d00f380        0x8 build/default/production/_ext/1688732426/system_interrupt.o
                0x9d00f380                __vector_dispatch_12
                0x00000001                ASSERT (((_vector_spacing == 0x0) || (SIZEOF (.vector_12) <= (_vector_spacing << 0x5))), function at exception vector 12 too large)

.vector_13      0x9d00f3a0        0x8
 *(.vector_13)
 .vector_13     0x9d00f3a0        0x8 c:/program files (x86)/microchip/xc32/v2.15/bin/bin/../../lib/gcc/pic32mx/4.8.3/../../../../pic32mx/lib\libpic32.a(vector13.o)
                0x9d00f3a0                __vector_dispatch_13
                0x00000001                ASSERT (((_vector_spacing == 0x0) || (SIZEOF (.vector_13) <= (_vector_spacing << 0x5))), function at exception vector 13 too large)

.vector_14      0x9d00f3c0        0x8
 *(.vector_14)
 .vector_14     0x9d00f3c0        0x8 c:/program files (x86)/microchip/xc32/v2.15/bin/bin/../../lib/gcc/pic32mx/4.8.3/../../../../pic32mx/lib\libpic32.a(vector14.o)
                0x9d00f3c0                __vector_dispatch_14
                0x00000001                ASSERT (((_vector_spacing == 0x0) || (SIZEOF (.vector_14) <= (_vector_spacing << 0x5))), function at exception vector 14 too large)

.vector_15      0x9d00f3e0        0x8
 *(.vector_15)
 .vector_15     0x9d00f3e0        0x8 c:/program files (x86)/microchip/xc32/v2.15/bin/bin/../../lib/gcc/pic32mx/4.8.3/../../../../pic32mx/lib\libpic32.a(vector15.o)
                0x9d00f3e0                __vector_dispatch_15
                0x00000001                ASSERT (((_vector_spacing == 0x0) || (SIZEOF (.vector_15) <= (_vector_spacing << 0x5))), function at exception vector 15 too large)

.vector_16      0x9d00f400        0x8
 *(.vector_16)
 .vector_16     0x9d00f400        0x8 c:/program files (x86)/microchip/xc32/v2.15/bin/bin/../../lib/gcc/pic32mx/4.8.3/../../../../pic32mx/lib\libpic32.a(vector16.o)
                0x9d00f400                __vector_dispatch_16
                0x00000001                ASSERT (((_vector_spacing == 0x0) || (SIZEOF (.vector_16) <= (_vector_spacing << 0x5))), function at exception vector 16 too large)

.vector_17      0x9d00f420        0x8
 *(.vector_17)
 .vector_17     0x9d00f420        0x8 c:/program files (x86)/microchip/xc32/v2.15/bin/bin/../../lib/gcc/pic32mx/4.8.3/../../../../pic32mx/lib\libpic32.a(vector17.o)
                0x9d00f420                __vector_dispatch_17
                0x00000001                ASSERT (((_vector_spacing == 0x0) || (SIZEOF (.vector_17) <= (_vector_spacing << 0x5))), function at exception vector 17 too large)

.vector_18      0x9d00f440        0x8
 *(.vector_18)
 .vector_18     0x9d00f440        0x8 c:/program files (x86)/microchip/xc32/v2.15/bin/bin/../../lib/gcc/pic32mx/4.8.3/../../../../pic32mx/lib\libpic32.a(vector18.o)
                0x9d00f440                __vector_dispatch_18
                0x00000001                ASSERT (((_vector_spacing == 0x0) || (SIZEOF (.vector_18) <= (_vector_spacing << 0x5))), function at exception vector 18 too large)

.vector_19      0x9d00f460        0x8
 *(.vector_19)
 .vector_19     0x9d00f460        0x8 c:/program files (x86)/microchip/xc32/v2.15/bin/bin/../../lib/gcc/pic32mx/4.8.3/../../../../pic32mx/lib\libpic32.a(vector19.o)
                0x9d00f460                __vector_dispatch_19
                0x00000001                ASSERT (((_vector_spacing == 0x0) || (SIZEOF (.vector_19) <= (_vector_spacing << 0x5))), function at exception vector 19 too large)

.vector_20      0x9d00f480        0x8
 *(.vector_20)
 .vector_20     0x9d00f480        0x8 c:/program files (x86)/microchip/xc32/v2.15/bin/bin/../../lib/gcc/pic32mx/4.8.3/../../../../pic32mx/lib\libpic32.a(vector20.o)
                0x9d00f480                __vector_dispatch_20
                0x00000001                ASSERT (((_vector_spacing == 0x0) || (SIZEOF (.vector_20) <= (_vector_spacing << 0x5))), function at exception vector 20 too large)

.vector_21      0x9d00f4a0        0x8
 *(.vector_21)
 .vector_21     0x9d00f4a0        0x8 c:/program files (x86)/microchip/xc32/v2.15/bin/bin/../../lib/gcc/pic32mx/4.8.3/../../../../pic32mx/lib\libpic32.a(vector21.o)
                0x9d00f4a0                __vector_dispatch_21
                0x00000001                ASSERT (((_vector_spacing == 0x0) || (SIZEOF (.vector_21) <= (_vector_spacing << 0x5))), function at exception vector 21 too large)

.vector_22      0x9d00f4c0        0x8
 *(.vector_22)
 .vector_22     0x9d00f4c0        0x8 c:/program files (x86)/microchip/xc32/v2.15/bin/bin/../../lib/gcc/pic32mx/4.8.3/../../../../pic32mx/lib\libpic32.a(vector22.o)
                0x9d00f4c0                __vector_dispatch_22
                0x00000001                ASSERT (((_vector_spacing == 0x0) || (SIZEOF (.vector_22) <= (_vector_spacing << 0x5))), function at exception vector 22 too large)

.vector_23      0x9d00f4e0        0x8
 *(.vector_23)
 .vector_23     0x9d00f4e0        0x8 c:/program files (x86)/microchip/xc32/v2.15/bin/bin/../../lib/gcc/pic32mx/4.8.3/../../../../pic32mx/lib\libpic32.a(vector23.o)
                0x9d00f4e0                __vector_dispatch_23
                0x00000001                ASSERT (((_vector_spacing == 0x0) || (SIZEOF (.vector_23) <= (_vector_spacing << 0x5))), function at exception vector 23 too large)

.vector_24      0x9d00f500        0x8
 *(.vector_24)
 .vector_24     0x9d00f500        0x8 c:/program files (x86)/microchip/xc32/v2.15/bin/bin/../../lib/gcc/pic32mx/4.8.3/../../../../pic32mx/lib\libpic32.a(vector24.o)
                0x9d00f500                __vector_dispatch_24
                0x00000001                ASSERT (((_vector_spacing == 0x0) || (SIZEOF (.vector_24) <= (_vector_spacing << 0x5))), function at exception vector 24 too large)

.vector_25      0x9d00f520        0x8
 *(.vector_25)
 .vector_25     0x9d00f520        0x8 c:/program files (x86)/microchip/xc32/v2.15/bin/bin/../../lib/gcc/pic32mx/4.8.3/../../../../pic32mx/lib\libpic32.a(vector25.o)
                0x9d00f520                __vector_dispatch_25
                0x00000001                ASSERT (((_vector_spacing == 0x0) || (SIZEOF (.vector_25) <= (_vector_spacing << 0x5))), function at exception vector 25 too large)

.vector_26      0x9d00f540        0x8
 *(.vector_26)
 .vector_26     0x9d00f540        0x8 c:/program files (x86)/microchip/xc32/v2.15/bin/bin/../../lib/gcc/pic32mx/4.8.3/../../../../pic32mx/lib\libpic32.a(vector26.o)
                0x9d00f540                __vector_dispatch_26
                0x00000001                ASSERT (((_vector_spacing == 0x0) || (SIZEOF (.vector_26) <= (_vector_spacing << 0x5))), function at exception vector 26 too large)

.vector_27      0x9d00f560        0x8
 *(.vector_27)
 .vector_27     0x9d00f560        0x8 c:/program files (x86)/microchip/xc32/v2.15/bin/bin/../../lib/gcc/pic32mx/4.8.3/../../../../pic32mx/lib\libpic32.a(vector27.o)
                0x9d00f560                __vector_dispatch_27
                0x00000001                ASSERT (((_vector_spacing == 0x0) || (SIZEOF (.vector_27) <= (_vector_spacing << 0x5))), function at exception vector 27 too large)

.vector_28      0x9d00f580        0x8
 *(.vector_28)
 .vector_28     0x9d00f580        0x8 c:/program files (x86)/microchip/xc32/v2.15/bin/bin/../../lib/gcc/pic32mx/4.8.3/../../../../pic32mx/lib\libpic32.a(vector28.o)
                0x9d00f580                __vector_dispatch_28
                0x00000001                ASSERT (((_vector_spacing == 0x0) || (SIZEOF (.vector_28) <= (_vector_spacing << 0x5))), function at exception vector 28 too large)

.vector_29      0x9d00f5a0        0x8
 *(.vector_29)
 .vector_29     0x9d00f5a0        0x8 c:/program files (x86)/microchip/xc32/v2.15/bin/bin/../../lib/gcc/pic32mx/4.8.3/../../../../pic32mx/lib\libpic32.a(vector29.o)
                0x9d00f5a0                __vector_dispatch_29
                0x00000001                ASSERT (((_vector_spacing == 0x0) || (SIZEOF (.vector_29) <= (_vector_spacing << 0x5))), function at exception vector 29 too large)

.vector_30      0x9d00f5c0        0x8
 *(.vector_30)
 .vector_30     0x9d00f5c0        0x8 c:/program files (x86)/microchip/xc32/v2.15/bin/bin/../../lib/gcc/pic32mx/4.8.3/../../../../pic32mx/lib\libpic32.a(vector30.o)
                0x9d00f5c0                __vector_dispatch_30
                0x00000001                ASSERT (((_vector_spacing == 0x0) || (SIZEOF (.vector_30) <= (_vector_spacing << 0x5))), function at exception vector 30 too large)

.vector_31      0x9d00f5e0        0x8
 *(.vector_31)
 .vector_31     0x9d00f5e0        0x8 c:/program files (x86)/microchip/xc32/v2.15/bin/bin/../../lib/gcc/pic32mx/4.8.3/../../../../pic32mx/lib\libpic32.a(vector31.o)
                0x9d00f5e0                __vector_dispatch_31
                0x00000001                ASSERT (((_vector_spacing == 0x0) || (SIZEOF (.vector_31) <= (_vector_spacing << 0x5))), function at exception vector 31 too large)

.vector_32      0x9d00f600        0x8
 *(.vector_32)
 .vector_32     0x9d00f600        0x8 c:/program files (x86)/microchip/xc32/v2.15/bin/bin/../../lib/gcc/pic32mx/4.8.3/../../../../pic32mx/lib\libpic32.a(vector32.o)
                0x9d00f600                __vector_dispatch_32
                0x00000001                ASSERT (((_vector_spacing == 0x0) || (SIZEOF (.vector_32) <= (_vector_spacing << 0x5))), function at exception vector 32 too large)

.vector_33      0x9d00f620        0x8
 *(.vector_33)
 .vector_33     0x9d00f620        0x8 c:/program files (x86)/microchip/xc32/v2.15/bin/bin/../../lib/gcc/pic32mx/4.8.3/../../../../pic32mx/lib\libpic32.a(vector33.o)
                0x9d00f620                __vector_dispatch_33
                0x00000001                ASSERT (((_vector_spacing == 0x0) || (SIZEOF (.vector_33) <= (_vector_spacing << 0x5))), function at exception vector 33 too large)

.vector_34      0x9d00f640        0x8
 *(.vector_34)
 .vector_34     0x9d00f640        0x8 c:/program files (x86)/microchip/xc32/v2.15/bin/bin/../../lib/gcc/pic32mx/4.8.3/../../../../pic32mx/lib\libpic32.a(vector34.o)
                0x9d00f640                __vector_dispatch_34
                0x00000001                ASSERT (((_vector_spacing == 0x0) || (SIZEOF (.vector_34) <= (_vector_spacing << 0x5))), function at exception vector 34 too large)

.vector_35      0x9d00f660        0x8
 *(.vector_35)
 .vector_35     0x9d00f660        0x8 c:/program files (x86)/microchip/xc32/v2.15/bin/bin/../../lib/gcc/pic32mx/4.8.3/../../../../pic32mx/lib\libpic32.a(vector35.o)
                0x9d00f660                __vector_dispatch_35
                0x00000001                ASSERT (((_vector_spacing == 0x0) || (SIZEOF (.vector_35) <= (_vector_spacing << 0x5))), function at exception vector 35 too large)

.vector_36      0x9d00f680        0x8
 *(.vector_36)
 .vector_36     0x9d00f680        0x8 c:/program files (x86)/microchip/xc32/v2.15/bin/bin/../../lib/gcc/pic32mx/4.8.3/../../../../pic32mx/lib\libpic32.a(vector36.o)
                0x9d00f680                __vector_dispatch_36
                0x00000001                ASSERT (((_vector_spacing == 0x0) || (SIZEOF (.vector_36) <= (_vector_spacing << 0x5))), function at exception vector 36 too large)

.vector_37      0x9d00f6a0        0x8
 *(.vector_37)
 .vector_37     0x9d00f6a0        0x8 c:/program files (x86)/microchip/xc32/v2.15/bin/bin/../../lib/gcc/pic32mx/4.8.3/../../../../pic32mx/lib\libpic32.a(vector37.o)
                0x9d00f6a0                __vector_dispatch_37
                0x00000001                ASSERT (((_vector_spacing == 0x0) || (SIZEOF (.vector_37) <= (_vector_spacing << 0x5))), function at exception vector 37 too large)

.vector_38      0x9d00f6c0        0x8
 *(.vector_38)
 .vector_38     0x9d00f6c0        0x8 c:/program files (x86)/microchip/xc32/v2.15/bin/bin/../../lib/gcc/pic32mx/4.8.3/../../../../pic32mx/lib\libpic32.a(vector38.o)
                0x9d00f6c0                __vector_dispatch_38
                0x00000001                ASSERT (((_vector_spacing == 0x0) || (SIZEOF (.vector_38) <= (_vector_spacing << 0x5))), function at exception vector 38 too large)

.vector_39      0x9d00f6e0        0x8
 *(.vector_39)
 .vector_39     0x9d00f6e0        0x8 c:/program files (x86)/microchip/xc32/v2.15/bin/bin/../../lib/gcc/pic32mx/4.8.3/../../../../pic32mx/lib\libpic32.a(vector39.o)
                0x9d00f6e0                __vector_dispatch_39
                0x00000001                ASSERT (((_vector_spacing == 0x0) || (SIZEOF (.vector_39) <= (_vector_spacing << 0x5))), function at exception vector 39 too large)

.vector_40      0x9d00f700        0x8
 *(.vector_40)
 .vector_40     0x9d00f700        0x8 c:/program files (x86)/microchip/xc32/v2.15/bin/bin/../../lib/gcc/pic32mx/4.8.3/../../../../pic32mx/lib\libpic32.a(vector40.o)
                0x9d00f700                __vector_dispatch_40
                0x00000001                ASSERT (((_vector_spacing == 0x0) || (SIZEOF (.vector_40) <= (_vector_spacing << 0x5))), function at exception vector 40 too large)

.vector_41      0x9d00f720        0x8
 *(.vector_41)
 .vector_41     0x9d00f720        0x8 c:/program files (x86)/microchip/xc32/v2.15/bin/bin/../../lib/gcc/pic32mx/4.8.3/../../../../pic32mx/lib\libpic32.a(vector41.o)
                0x9d00f720                __vector_dispatch_41
                0x00000001                ASSERT (((_vector_spacing == 0x0) || (SIZEOF (.vector_41) <= (_vector_spacing << 0x5))), function at exception vector 41 too large)

.vector_42      0x9d00f740        0x8
 *(.vector_42)
 .vector_42     0x9d00f740        0x8 c:/program files (x86)/microchip/xc32/v2.15/bin/bin/../../lib/gcc/pic32mx/4.8.3/../../../../pic32mx/lib\libpic32.a(vector42.o)
                0x9d00f740                __vector_dispatch_42
                0x00000001                ASSERT (((_vector_spacing == 0x0) || (SIZEOF (.vector_42) <= (_vector_spacing << 0x5))), function at exception vector 42 too large)

.vector_43      0x9d00f760        0x8
 *(.vector_43)
 .vector_43     0x9d00f760        0x8 c:/program files (x86)/microchip/xc32/v2.15/bin/bin/../../lib/gcc/pic32mx/4.8.3/../../../../pic32mx/lib\libpic32.a(vector43.o)
                0x9d00f760                __vector_dispatch_43
                0x00000001                ASSERT (((_vector_spacing == 0x0) || (SIZEOF (.vector_43) <= (_vector_spacing << 0x5))), function at exception vector 43 too large)

.vector_44      0x9d00f780        0x0
 *(.vector_44)
                0x00000001                ASSERT (((_vector_spacing == 0x0) || (SIZEOF (.vector_44) <= (_vector_spacing << 0x5))), function at exception vector 44 too large)

.vector_45      0x9d00f7a0        0x0
 *(.vector_45)
                0x00000001                ASSERT (((_vector_spacing == 0x0) || (SIZEOF (.vector_45) <= (_vector_spacing << 0x5))), function at exception vector 45 too large)

.vector_46      0x9d00f7c0        0x0
 *(.vector_46)
                0x00000001                ASSERT (((_vector_spacing == 0x0) || (SIZEOF (.vector_46) <= (_vector_spacing << 0x5))), function at exception vector 46 too large)

.vector_47      0x9d00f7e0        0x0
 *(.vector_47)
                0x00000001                ASSERT (((_vector_spacing == 0x0) || (SIZEOF (.vector_47) <= (_vector_spacing << 0x5))), function at exception vector 47 too large)

.vector_48      0x9d00f800        0x0
 *(.vector_48)
                0x00000001                ASSERT (((_vector_spacing == 0x0) || (SIZEOF (.vector_48) <= (_vector_spacing << 0x5))), function at exception vector 48 too large)

.vector_49      0x9d00f820        0x0
 *(.vector_49)
                0x00000001                ASSERT (((_vector_spacing == 0x0) || (SIZEOF (.vector_49) <= (_vector_spacing << 0x5))), function at exception vector 49 too large)

.vector_50      0x9d00f840        0x0
 *(.vector_50)
                0x00000001                ASSERT (((_vector_spacing == 0x0) || (SIZEOF (.vector_50) <= (_vector_spacing << 0x5))), function at exception vector 50 too large)

.vector_51      0x9d00f860        0x0
 *(.vector_51)
                0x00000001                ASSERT (((_vector_spacing == 0x0) || (SIZEOF (.vector_51) <= (_vector_spacing << 0x5))), function at exception vector 51 too large)

.vector_52      0x9d00f880        0x0
 *(.vector_52)
                0x00000001                ASSERT (((_vector_spacing == 0x0) || (SIZEOF (.vector_52) <= (_vector_spacing << 0x5))), function at exception vector 52 too large)

.vector_53      0x9d00f8a0        0x0
 *(.vector_53)
                0x00000001                ASSERT (((_vector_spacing == 0x0) || (SIZEOF (.vector_53) <= (_vector_spacing << 0x5))), function at exception vector 53 too large)

.vector_54      0x9d00f8c0        0x0
 *(.vector_54)
                0x00000001                ASSERT (((_vector_spacing == 0x0) || (SIZEOF (.vector_54) <= (_vector_spacing << 0x5))), function at exception vector 54 too large)

.vector_55      0x9d00f8e0        0x0
 *(.vector_55)
                0x00000001                ASSERT (((_vector_spacing == 0x0) || (SIZEOF (.vector_55) <= (_vector_spacing << 0x5))), function at exception vector 55 too large)

.vector_56      0x9d00f900        0x0
 *(.vector_56)
                0x00000001                ASSERT (((_vector_spacing == 0x0) || (SIZEOF (.vector_56) <= (_vector_spacing << 0x5))), function at exception vector 56 too large)

.vector_57      0x9d00f920        0x0
 *(.vector_57)
                0x00000001                ASSERT (((_vector_spacing == 0x0) || (SIZEOF (.vector_57) <= (_vector_spacing << 0x5))), function at exception vector 57 too large)

.vector_58      0x9d00f940        0x0
 *(.vector_58)
                0x00000001                ASSERT (((_vector_spacing == 0x0) || (SIZEOF (.vector_58) <= (_vector_spacing << 0x5))), function at exception vector 58 too large)

.vector_59      0x9d00f960        0x0
 *(.vector_59)
                0x00000001                ASSERT (((_vector_spacing == 0x0) || (SIZEOF (.vector_59) <= (_vector_spacing << 0x5))), function at exception vector 59 too large)

.vector_60      0x9d00f980        0x0
 *(.vector_60)
                0x00000001                ASSERT (((_vector_spacing == 0x0) || (SIZEOF (.vector_60) <= (_vector_spacing << 0x5))), function at exception vector 60 too large)

.vector_61      0x9d00f9a0        0x0
 *(.vector_61)
                0x00000001                ASSERT (((_vector_spacing == 0x0) || (SIZEOF (.vector_61) <= (_vector_spacing << 0x5))), function at exception vector 61 too large)

.vector_62      0x9d00f9c0        0x0
 *(.vector_62)
                0x00000001                ASSERT (((_vector_spacing == 0x0) || (SIZEOF (.vector_62) <= (_vector_spacing << 0x5))), function at exception vector 62 too large)

.vector_63      0x9d00f9e0        0x0
 *(.vector_63)
                0x00000001                ASSERT (((_vector_spacing == 0x0) || (SIZEOF (.vector_63) <= (_vector_spacing << 0x5))), function at exception vector 63 too large)

.startup
 *(.startup)

.text           0x9d000000        0x0
 *(.stub .gnu.linkonce.t.*)
 *(.text.*personality*)
 *(.mips16.fn.*)
 *(.mips16.call.*)
 *(.gnu.warning)
                0x9d000000                . = ALIGN (0x4)

.init           0x9d000000        0x0
 *crti.o(.init)
 *crtbegin.o(.init)
 *(EXCLUDE_FILE(*crtn.o *crtend?.o *crtend.o) .init)
 *crtend.o(.init)
 *crtn.o(.init)
                0x9d000000                . = ALIGN (0x4)

.fini           0x9d000000        0x0
 *(.fini)
                0x9d000000                . = ALIGN (0x4)

.preinit_array  0x9d000000        0x0
                0x9d000000                PROVIDE (__preinit_array_start, .)
 *(.preinit_array)
                0x9d000000                PROVIDE (__preinit_array_end, .)
                0x9d000000                . = ALIGN (0x4)

.init_array     0x9d000000        0x0
                0x9d000000                PROVIDE (__init_array_start, .)
 *(SORT(.init_array.*))
 *(.init_array)
                0x9d000000                PROVIDE (__init_array_end, .)
                0x9d000000                . = ALIGN (0x4)

.fini_array     0x9d000000        0x0
                0x9d000000                PROVIDE (__fini_array_start, .)
 *(SORT(.fini_array.*))
 *(.fini_array)
                0x9d000000                PROVIDE (__fini_array_end, .)
                0x9d000000                . = ALIGN (0x4)

.ctors          0x9d000000        0x0
 *crtbegin.o(.ctors)
 *crtbegin?.o(.ctors)
 *(EXCLUDE_FILE(*crtend?.o *crtend.o) .ctors)
 *(SORT(.ctors.*))
 *(.ctors)
                0x9d000000                . = ALIGN (0x4)

.dtors          0x9d000000        0x0
 *crtbegin.o(.dtors)
 *crtbegin?.o(.dtors)
 *(EXCLUDE_FILE(*crtend?.o *crtend.o) .dtors)
 *(SORT(.dtors.*))
 *(.dtors)
                0x9d000000                . = ALIGN (0x4)

.rodata         0x9d000000        0x0
 *(.gnu.linkonce.r.*)
 *(.rodata1)
                0x9d000000                . = ALIGN (0x4)

.sdata2         0x9fc00490        0x0
 *(.sdata2 .sdata2.* .gnu.linkonce.s2.*)
                0x9fc00490                . = ALIGN (0x4)

.sbss2          0x9fc00490        0x0
 *(.sbss2 .sbss2.* .gnu.linkonce.sb2.*)
                0x9fc00490                . = ALIGN (0x4)

.eh_frame_hdr
 *(.eh_frame_hdr)
                0x9fc00490                . = ALIGN (0x4)

.eh_frame
 *(.eh_frame)
                0x9fc00490                . = ALIGN (0x4)

.gcc_except_table
 *(.gcc_except_table .gcc_except_table.*)
                0x9fc00490                . = ALIGN (0x4)

.dbg_data       0xa0000000        0x0
                0xa0000000                . = (. + DEFINED (_DEBUGGER)?0x200:0x0)

.jcr            0xa0000000        0x0
 *(.jcr)
                0xa0000000                . = ALIGN (0x4)

.eh_frame
 *(.eh_frame)
                0xa0000000                . = ALIGN (0x4)

.gcc_except_table
 *(.gcc_except_table .gcc_except_table.*)
                0xa0000000                . = ALIGN (0x4)

.persist        0xa0000000        0x0
                0xa0000000                _persist_begin = .
 *(.persist .persist.*)
 *(.pbss .pbss.*)
                0xa0000000                . = ALIGN (0x4)
                0xa0000000                _persist_end = .

.data           0xa0000000        0x0
 *(.gnu.linkonce.d.*)
 *(.data1)
                0xa0000000                . = ALIGN (0x4)
                0xa0000000                . = .
                0xa0007ff0                _gp = (ALIGN (0x10) + 0x7ff0)

.got            0xa0000000        0x0
 *(.got.plt)
 *(.got)
                0xa0000000                . = ALIGN (0x4)

.sdata          0xa0000000       0x10
                0xa0000000                _sdata_begin = .
 *(.sdata .sdata.* .gnu.linkonce.s.*)
 .sdata         0xa0000000        0x2 build/default/production/_ext/1360937237/app.o
 *fill*         0xa0000002        0x2 
 .sdata         0xa0000004        0x8 build/default/production/_ext/1360937237/RF.o
 .sdata         0xa000000c        0x4 c:/program files (x86)/microchip/xc32/v2.15/bin/bin/../../lib/gcc/pic32mx/4.8.3/../../../../pic32mx/lib\libpic32.a(xc32_uart.o)
                0xa000000c                __XC_UART
                0xa0000010                . = ALIGN (0x4)
                0xa0000010                _sdata_end = .

.lit8
 *(.lit8)

.lit4
 *(.lit4)
                0xa0000010                . = ALIGN (0x4)
                0xa0000010                _data_end = .
                0xa0000010                _bss_begin = .

.sbss           0xa0000010       0x7c
                0xa0000010                _sbss_begin = .
 *(.dynsbss)
 *(.sbss .sbss.* .gnu.linkonce.sb.*)
 .sbss          0xa0000010        0x2 build/default/production/_ext/1407244131/drv_tmr_static.o
 *fill*         0xa0000012        0x2 
 .sbss          0xa0000014        0xc build/default/production/_ext/1688732426/system_exceptions.o
 .sbss          0xa0000020       0x1c build/default/production/_ext/1360937237/app.o
 .sbss          0xa000003c        0xc build/default/production/_ext/1360937237/RF.o
 .sbss          0xa0000048        0x1 build/default/production/_ext/1360937237/led.o
 *(.scommon)
 *fill*         0xa0000049        0x3 
 .scommon       0xa000004c        0x4 build/default/production/_ext/327000265/drv_usart_static.o
                0xa000004c                gDrvUSART0Obj
 .scommon       0xa0000050        0x8 build/default/production/_ext/340578644/sys_devcon.o
                0xa0000050                sysDevconObj
 .scommon       0xa0000058       0x20 build/default/production/_ext/1360937237/app.o
                0xa0000058                swWait
                0xa0000060                swRing
                0xa0000068                swBusy
                0xa0000070                swEnter
 .scommon       0xa0000078       0x10 build/default/production/_ext/1360937237/sound.o
                0xa0000078                currentNoteDuration
                0xa000007c                currentNotes
                0xa0000080                currentNoteIndex
                0xa0000084                soundState
 .scommon       0xa0000088        0x4 build/default/production/_ext/1360937237/led.o
                0xa0000088                ledState
                0xa000008c                _sbss_end = .
                0xa000008c                . = ALIGN (0x4)

.bss            0xa000008c       0x24
 *(.dynbss)
 *(COMMON)
 COMMON         0xa000008c        0xc build/default/production/_ext/1688732426/system_init.o
                0xa000008c                sysObj
 COMMON         0xa0000098        0xc build/default/production/_ext/1360937237/app.o
                0xa0000098                appData
 COMMON         0xa00000a4        0xc build/default/production/_ext/1360937237/led.o
                0xa00000a4                ledModes
                0xa00000b0                . = ALIGN ((. != 0x0)?0x4:0x1)
                0xa00000b0                . = ALIGN (0x4)
                0xa00000b0                _end = .
                0xa00000b0                _bss_end = .
                0x00004000                _bmxdudba_address = 0x4000
                0x00004000                _bmxdupba_address = 0x4000

/DISCARD/
 *(.pdr)
 *(.rel.dyn)
 *(.note.GNU-stack)
 *(.note.GNU-stack)
 *(.gnu_debuglink)
 *(.gnu.lto_*)
 *(.discard)

.gptab.sdata
 *(.gptab.data)
 *(.gptab.sdata)

.gptab.sbss
 *(.gptab.bss)
 *(.gptab.sbss)

.mdebug.abi32   0xa00000b0        0x0
 *(.mdebug.abi32)
 .mdebug.abi32  0xa00000b0        0x0 build/default/production/_ext/1361460060/drv_adc_static.o
 .mdebug.abi32  0xa00000b0        0x0 build/default/production/_ext/1047219354/drv_oc_mapping.o
 .mdebug.abi32  0xa00000b0        0x0 build/default/production/_ext/1047219354/drv_oc_static.o
 .mdebug.abi32  0xa00000b0        0x0 build/default/production/_ext/1407244131/drv_tmr_static.o
 .mdebug.abi32  0xa00000b0        0x0 build/default/production/_ext/1407244131/drv_tmr_mapping.o
 .mdebug.abi32  0xa00000b0        0x0 build/default/production/_ext/327000265/drv_usart_mapping.o
 .mdebug.abi32  0xa00000b0        0x0 build/default/production/_ext/327000265/drv_usart_static.o
 .mdebug.abi32  0xa00000b0        0x0 build/default/production/_ext/639803181/sys_clk_pic32mx.o
 .mdebug.abi32  0xa00000b0        0x0 build/default/production/_ext/340578644/sys_devcon.o
 .mdebug.abi32  0xa00000b0        0x0 build/default/production/_ext/340578644/sys_devcon_pic32mx.o
 .mdebug.abi32  0xa00000b0        0x0 build/default/production/_ext/822048611/sys_ports_static.o
 .mdebug.abi32  0xa00000b0        0x0 build/default/production/_ext/1688732426/system_init.o
 .mdebug.abi32  0xa00000b0        0x0 build/default/production/_ext/1688732426/system_interrupt.o
 .mdebug.abi32  0xa00000b0        0x0 build/default/production/_ext/1688732426/system_exceptions.o
 .mdebug.abi32  0xa00000b0        0x0 build/default/production/_ext/1688732426/system_tasks.o
 .mdebug.abi32  0xa00000b0        0x0 build/default/production/_ext/1360937237/app.o
 .mdebug.abi32  0xa00000b0        0x0 build/default/production/_ext/1360937237/main.o
 .mdebug.abi32  0xa00000b0        0x0 build/default/production/_ext/1360937237/Mc32Debounce.o
 .mdebug.abi32  0xa00000b0        0x0 build/default/production/_ext/1360937237/Mc32Delays.o
 .mdebug.abi32  0xa00000b0        0x0 build/default/production/_ext/1360937237/sound.o
 .mdebug.abi32  0xa00000b0        0x0 build/default/production/_ext/1360937237/RF.o
 .mdebug.abi32  0xa00000b0        0x0 build/default/production/_ext/1360937237/led.o
 .mdebug.abi32  0xa00000b0        0x0 build/default/production/_ext/1042686532/sys_int_pic32.o
 .mdebug.abi32  0xa00000b0        0x0 c:/program files (x86)/microchip/xc32/v2.15/bin/bin/../../lib/gcc/pic32mx/4.8.3/../../../../pic32mx/lib\libpic32.a(default-bootstrap-exception-handler.o)
 .mdebug.abi32  0xa00000b0        0x0 c:/program files (x86)/microchip/xc32/v2.15/bin/bin/../../lib/gcc/pic32mx/4.8.3/../../../../pic32mx/lib\libpic32.a(default-on-reset.o)
 .mdebug.abi32  0xa00000b0        0x0 c:/program files (x86)/microchip/xc32/v2.15/bin/bin/../../lib/gcc/pic32mx/4.8.3/../../../../pic32mx/lib\libpic32.a(default-on-bootstrap.o)
 .mdebug.abi32  0xa00000b0        0x0 c:/program files (x86)/microchip/xc32/v2.15/bin/bin/../../lib/gcc/pic32mx/4.8.3/../../../../pic32mx/lib\libpic32.a(defaultinterrupt.o)
 .mdebug.abi32  0xa00000b0        0x0 c:/program files (x86)/microchip/xc32/v2.15/bin/bin/../../lib/gcc/pic32mx/4.8.3/../../../../pic32mx/lib\libc.a(sprintf_cdnopuxX.eo)
 .mdebug.abi32  0xa00000b0        0x0 c:/program files (x86)/microchip/xc32/v2.15/bin/bin/../../lib/gcc/pic32mx/4.8.3/../../../../pic32mx/lib\libc.a(doprnt_cdnopuxX.eo)
 .mdebug.abi32  0xa00000b0        0x0 c:/program files (x86)/microchip/xc32/v2.15/bin/bin/../../lib/gcc/pic32mx/4.8.3/../../../../pic32mx/lib\libc.a(_fputc_simple.o)
 .mdebug.abi32  0xa00000b0        0x0 c:/program files (x86)/microchip/xc32/v2.15/bin/bin/../../lib/gcc/pic32mx/4.8.3/../../../../pic32mx/lib\libc.a(ctype.o)
 .mdebug.abi32  0xa00000b0        0x0 c:/program files (x86)/microchip/xc32/v2.15/bin/bin/../../lib/gcc/pic32mx/4.8.3/../../../../pic32mx/lib\libc.a(_iob.o)
 .mdebug.abi32  0xa00000b0        0x0 c:/program files (x86)/microchip/xc32/v2.15/bin/bin/../../lib/gcc/pic32mx/4.8.3/../../../../pic32mx/lib\libc.a(_flsbuf_simple.o)
 .mdebug.abi32  0xa00000b0        0x0 c:/program files (x86)/microchip/xc32/v2.15/bin/bin/../../lib/gcc/pic32mx/4.8.3\libgcc.a(_udivdi3.o)
 .mdebug.abi32  0xa00000b0        0x0 c:/program files (x86)/microchip/xc32/v2.15/bin/bin/../../lib/gcc/pic32mx/4.8.3\libgcc.a(_umoddi3.o)
 .mdebug.abi32  0xa00000b0        0x0 c:/program files (x86)/microchip/xc32/v2.15/bin/bin/../../lib/gcc/pic32mx/4.8.3/../../../../pic32mx/lib\libpic32.a(write.o)
 .mdebug.abi32  0xa00000b0        0x0 c:/program files (x86)/microchip/xc32/v2.15/bin/bin/../../lib/gcc/pic32mx/4.8.3/../../../../pic32mx/lib\libpic32.a(_mon_putc.o)
 .mdebug.abi32  0xa00000b0        0x0 c:/program files (x86)/microchip/xc32/v2.15/bin/bin/../../lib/gcc/pic32mx/4.8.3/../../../../pic32mx/lib\libpic32.a(xc32_uart.o)

.mdebug.abiN32
 *(.mdebug.abiN32)

.mdebug.abi64
 *(.mdebug.abi64)

.mdebug.abiO64
 *(.mdebug.abiO64)

.mdebug.eabi32
 *(.mdebug.eabi32)

.mdebug.eabi64
 *(.mdebug.eabi64)

.gcc_compiled_long32
 *(.gcc_compiled_long32)

.gcc_compiled_long64
 *(.gcc_compiled_long64)

.stab
 *(.stab)

.stabstr
 *(.stabstr)

.stab.excl
 *(.stab.excl)

.stab.exclstr
 *(.stab.exclstr)

.stab.index
 *(.stab.index)

.stab.indexstr
 *(.stab.indexstr)

.comment        0x00000000       0x8a
 *(.comment)
 .comment       0x00000000       0x3c build/default/production/_ext/1361460060/drv_adc_static.o
                                 0x3d (size before relaxing)
 .comment       0x00000000       0x3d build/default/production/_ext/1047219354/drv_oc_mapping.o
 .comment       0x00000000       0x3d build/default/production/_ext/1047219354/drv_oc_static.o
 .comment       0x00000000       0x3d build/default/production/_ext/1407244131/drv_tmr_static.o
 .comment       0x00000000       0x3d build/default/production/_ext/1407244131/drv_tmr_mapping.o
 .comment       0x00000000       0x3d build/default/production/_ext/327000265/drv_usart_mapping.o
 .comment       0x00000000       0x3d build/default/production/_ext/327000265/drv_usart_static.o
 .comment       0x00000000       0x3d build/default/production/_ext/639803181/sys_clk_pic32mx.o
 .comment       0x00000000       0x3d build/default/production/_ext/340578644/sys_devcon.o
 .comment       0x00000000       0x3d build/default/production/_ext/340578644/sys_devcon_pic32mx.o
 .comment       0x00000000       0x3d build/default/production/_ext/822048611/sys_ports_static.o
 .comment       0x00000000       0x3d build/default/production/_ext/1688732426/system_init.o
 .comment       0x00000000       0x3d build/default/production/_ext/1688732426/system_interrupt.o
 .comment       0x00000000       0x3d build/default/production/_ext/1688732426/system_exceptions.o
 .comment       0x00000000       0x3d build/default/production/_ext/1688732426/system_tasks.o
 .comment       0x00000000       0x3d build/default/production/_ext/1360937237/app.o
 .comment       0x00000000       0x3d build/default/production/_ext/1360937237/main.o
 .comment       0x00000000       0x3d build/default/production/_ext/1360937237/Mc32Debounce.o
 .comment       0x00000000       0x3d build/default/production/_ext/1360937237/Mc32Delays.o
 .comment       0x00000000       0x3d build/default/production/_ext/1360937237/sound.o
 .comment       0x00000000       0x3d build/default/production/_ext/1360937237/RF.o
 .comment       0x00000000       0x3d build/default/production/_ext/1360937237/led.o
 .comment       0x00000000       0x3d build/default/production/_ext/1042686532/sys_int_pic32.o
 .comment       0x00000000       0x3d c:/program files (x86)/microchip/xc32/v2.15/bin/bin/../../lib/gcc/pic32mx/4.8.3/../../../../pic32mx/lib\libpic32.a(default-bootstrap-exception-handler.o)
 .comment       0x00000000       0x3d c:/program files (x86)/microchip/xc32/v2.15/bin/bin/../../lib/gcc/pic32mx/4.8.3/../../../../pic32mx/lib\libpic32.a(default-on-reset.o)
 .comment       0x00000000       0x3d c:/program files (x86)/microchip/xc32/v2.15/bin/bin/../../lib/gcc/pic32mx/4.8.3/../../../../pic32mx/lib\libpic32.a(default-on-bootstrap.o)
 .comment       0x00000000       0x3d c:/program files (x86)/microchip/xc32/v2.15/bin/bin/../../lib/gcc/pic32mx/4.8.3/../../../../pic32mx/lib\libpic32.a(defaultinterrupt.o)
 .comment       0x00000000       0x3d c:/program files (x86)/microchip/xc32/v2.15/bin/bin/../../lib/gcc/pic32mx/4.8.3/../../../../pic32mx/lib\libc.a(sprintf_cdnopuxX.eo)
 .comment       0x00000000       0x3d c:/program files (x86)/microchip/xc32/v2.15/bin/bin/../../lib/gcc/pic32mx/4.8.3/../../../../pic32mx/lib\libc.a(doprnt_cdnopuxX.eo)
 .comment       0x00000000       0x3d c:/program files (x86)/microchip/xc32/v2.15/bin/bin/../../lib/gcc/pic32mx/4.8.3/../../../../pic32mx/lib\libc.a(_fputc_simple.o)
 .comment       0x0000003c       0x4e c:/program files (x86)/microchip/xc32/v2.15/bin/bin/../../lib/gcc/pic32mx/4.8.3/../../../../pic32mx/lib\libc.a(ctype.o)
                                 0x8b (size before relaxing)
 .comment       0x00000000       0x3d c:/program files (x86)/microchip/xc32/v2.15/bin/bin/../../lib/gcc/pic32mx/4.8.3/../../../../pic32mx/lib\libc.a(_iob.o)
 .comment       0x00000000       0x3d c:/program files (x86)/microchip/xc32/v2.15/bin/bin/../../lib/gcc/pic32mx/4.8.3/../../../../pic32mx/lib\libc.a(_flsbuf_simple.o)
 .comment       0x00000000       0x3d c:/program files (x86)/microchip/xc32/v2.15/bin/bin/../../lib/gcc/pic32mx/4.8.3\libgcc.a(_udivdi3.o)
 .comment       0x00000000       0x3d c:/program files (x86)/microchip/xc32/v2.15/bin/bin/../../lib/gcc/pic32mx/4.8.3\libgcc.a(_umoddi3.o)
 .comment       0x00000000       0x3d c:/program files (x86)/microchip/xc32/v2.15/bin/bin/../../lib/gcc/pic32mx/4.8.3/../../../../pic32mx/lib\libpic32.a(write.o)
 .comment       0x00000000       0x3d c:/program files (x86)/microchip/xc32/v2.15/bin/bin/../../lib/gcc/pic32mx/4.8.3/../../../../pic32mx/lib\libpic32.a(_mon_putc.o)
 .comment       0x00000000       0x3d c:/program files (x86)/microchip/xc32/v2.15/bin/bin/../../lib/gcc/pic32mx/4.8.3/../../../../pic32mx/lib\libpic32.a(xc32_uart.o)

.debug
 *(.debug)

.line
 *(.line)

.debug_srcinfo
 *(.debug_srcinfo)

.debug_sfnames
 *(.debug_sfnames)

.debug_aranges  0x00000000      0xa38
 *(.debug_aranges)
 .debug_aranges
                0x00000000       0x78 build/default/production/_ext/1361460060/drv_adc_static.o
 .debug_aranges
                0x00000078       0x50 build/default/production/_ext/1047219354/drv_oc_mapping.o
 .debug_aranges
                0x000000c8       0x50 build/default/production/_ext/1047219354/drv_oc_static.o
 .debug_aranges
                0x00000118      0x108 build/default/production/_ext/1407244131/drv_tmr_static.o
 .debug_aranges
                0x00000220       0xe8 build/default/production/_ext/1407244131/drv_tmr_mapping.o
 .debug_aranges
                0x00000308       0x80 build/default/production/_ext/327000265/drv_usart_mapping.o
 .debug_aranges
                0x00000388       0x88 build/default/production/_ext/327000265/drv_usart_static.o
 .debug_aranges
                0x00000410       0x50 build/default/production/_ext/639803181/sys_clk_pic32mx.o
 .debug_aranges
                0x00000460       0x78 build/default/production/_ext/340578644/sys_devcon.o
 .debug_aranges
                0x000004d8       0x20 build/default/production/_ext/340578644/sys_devcon_pic32mx.o
 .debug_aranges
                0x000004f8      0x148 build/default/production/_ext/822048611/sys_ports_static.o
 .debug_aranges
                0x00000640       0x20 build/default/production/_ext/1688732426/system_init.o
 .debug_aranges
                0x00000660       0x28 build/default/production/_ext/1688732426/system_interrupt.o
 .debug_aranges
                0x00000688       0x20 build/default/production/_ext/1688732426/system_exceptions.o
 .debug_aranges
                0x000006a8       0x20 build/default/production/_ext/1688732426/system_tasks.o
 .debug_aranges
                0x000006c8       0x58 build/default/production/_ext/1360937237/app.o
 .debug_aranges
                0x00000720       0x20 build/default/production/_ext/1360937237/main.o
 .debug_aranges
                0x00000740       0x50 build/default/production/_ext/1360937237/Mc32Debounce.o
 .debug_aranges
                0x00000790       0x30 build/default/production/_ext/1360937237/Mc32Delays.o
 .debug_aranges
                0x000007c0       0x40 build/default/production/_ext/1360937237/sound.o
 .debug_aranges
                0x00000800       0x38 build/default/production/_ext/1360937237/RF.o
 .debug_aranges
                0x00000838       0x38 build/default/production/_ext/1360937237/led.o
 .debug_aranges
                0x00000870       0x48 build/default/production/_ext/1042686532/sys_int_pic32.o
 .debug_aranges
                0x000008b8       0x20 c:/program files (x86)/microchip/xc32/v2.15/bin/bin/../../lib/gcc/pic32mx/4.8.3/../../../../pic32mx/lib\libpic32.a(default-bootstrap-exception-handler.o)
 .debug_aranges
                0x000008d8       0x20 c:/program files (x86)/microchip/xc32/v2.15/bin/bin/../../lib/gcc/pic32mx/4.8.3/../../../../pic32mx/lib\libpic32.a(default-on-reset.o)
 .debug_aranges
                0x000008f8       0x20 c:/program files (x86)/microchip/xc32/v2.15/bin/bin/../../lib/gcc/pic32mx/4.8.3/../../../../pic32mx/lib\libpic32.a(default-on-bootstrap.o)
 .debug_aranges
                0x00000918       0x20 c:/program files (x86)/microchip/xc32/v2.15/bin/bin/../../lib/gcc/pic32mx/4.8.3/../../../../pic32mx/lib\libpic32.a(defaultinterrupt.o)
 .debug_aranges
                0x00000938       0x20 c:/program files (x86)/microchip/xc32/v2.15/bin/bin/../../lib/gcc/pic32mx/4.8.3/../../../../pic32mx/lib\libc.a(sprintf_cdnopuxX.eo)
 .debug_aranges
                0x00000958       0x20 c:/program files (x86)/microchip/xc32/v2.15/bin/bin/../../lib/gcc/pic32mx/4.8.3/../../../../pic32mx/lib\libc.a(doprnt_cdnopuxX.eo)
 .debug_aranges
                0x00000978       0x20 c:/program files (x86)/microchip/xc32/v2.15/bin/bin/../../lib/gcc/pic32mx/4.8.3/../../../../pic32mx/lib\libc.a(_fputc_simple.o)
 .debug_aranges
                0x00000998       0x20 c:/program files (x86)/microchip/xc32/v2.15/bin/bin/../../lib/gcc/pic32mx/4.8.3/../../../../pic32mx/lib\libc.a(_flsbuf_simple.o)
 .debug_aranges
                0x000009b8       0x20 c:/program files (x86)/microchip/xc32/v2.15/bin/bin/../../lib/gcc/pic32mx/4.8.3\libgcc.a(_udivdi3.o)
 .debug_aranges
                0x000009d8       0x20 c:/program files (x86)/microchip/xc32/v2.15/bin/bin/../../lib/gcc/pic32mx/4.8.3\libgcc.a(_umoddi3.o)
 .debug_aranges
                0x000009f8       0x20 c:/program files (x86)/microchip/xc32/v2.15/bin/bin/../../lib/gcc/pic32mx/4.8.3/../../../../pic32mx/lib\libpic32.a(write.o)
 .debug_aranges
                0x00000a18       0x20 c:/program files (x86)/microchip/xc32/v2.15/bin/bin/../../lib/gcc/pic32mx/4.8.3/../../../../pic32mx/lib\libpic32.a(_mon_putc.o)

.debug_pubnames
 *(.debug_pubnames)

.debug_info     0x00000000    0x26d07
 *(.debug_info .gnu.linkonce.wi.*)
 .debug_info    0x00000000     0x2f3c build/default/production/_ext/1361460060/drv_adc_static.o
 .debug_info    0x00002f3c     0x102c build/default/production/_ext/1047219354/drv_oc_mapping.o
 .debug_info    0x00003f68      0xe9e build/default/production/_ext/1047219354/drv_oc_static.o
 .debug_info    0x00004e06     0x484a build/default/production/_ext/1407244131/drv_tmr_static.o
 .debug_info    0x00009650     0x1c99 build/default/production/_ext/1407244131/drv_tmr_mapping.o
 .debug_info    0x0000b2e9     0x1933 build/default/production/_ext/327000265/drv_usart_mapping.o
 .debug_info    0x0000cc1c     0x4091 build/default/production/_ext/327000265/drv_usart_static.o
 .debug_info    0x00010cad     0x18c0 build/default/production/_ext/639803181/sys_clk_pic32mx.o
 .debug_info    0x0001256d     0x1676 build/default/production/_ext/340578644/sys_devcon.o
 .debug_info    0x00013be3     0x1098 build/default/production/_ext/340578644/sys_devcon_pic32mx.o
 .debug_info    0x00014c7b     0x40c7 build/default/production/_ext/822048611/sys_ports_static.o
 .debug_info    0x00018d42     0x1a72 build/default/production/_ext/1688732426/system_init.o
 .debug_info    0x0001a7b4     0x17d0 build/default/production/_ext/1688732426/system_interrupt.o
 .debug_info    0x0001bf84     0x1525 build/default/production/_ext/1688732426/system_exceptions.o
 .debug_info    0x0001d4a9      0xcaf build/default/production/_ext/1688732426/system_tasks.o
 .debug_info    0x0001e158     0x397a build/default/production/_ext/1360937237/app.o
 .debug_info    0x00021ad2      0x1d1 build/default/production/_ext/1360937237/main.o
 .debug_info    0x00021ca3      0x473 build/default/production/_ext/1360937237/Mc32Debounce.o
 .debug_info    0x00022116      0x213 build/default/production/_ext/1360937237/Mc32Delays.o
 .debug_info    0x00022329      0xc8b build/default/production/_ext/1360937237/sound.o
 .debug_info    0x00022fb4     0x10c2 build/default/production/_ext/1360937237/RF.o
 .debug_info    0x00024076      0x3ee build/default/production/_ext/1360937237/led.o
 .debug_info    0x00024464     0x1125 build/default/production/_ext/1042686532/sys_int_pic32.o
 .debug_info    0x00025589       0xf9 c:/program files (x86)/microchip/xc32/v2.15/bin/bin/../../lib/gcc/pic32mx/4.8.3/../../../../pic32mx/lib\libpic32.a(default-bootstrap-exception-handler.o)
 .debug_info    0x00025682       0xd2 c:/program files (x86)/microchip/xc32/v2.15/bin/bin/../../lib/gcc/pic32mx/4.8.3/../../../../pic32mx/lib\libpic32.a(default-on-reset.o)
 .debug_info    0x00025754       0xda c:/program files (x86)/microchip/xc32/v2.15/bin/bin/../../lib/gcc/pic32mx/4.8.3/../../../../pic32mx/lib\libpic32.a(default-on-bootstrap.o)
 .debug_info    0x0002582e       0xec c:/program files (x86)/microchip/xc32/v2.15/bin/bin/../../lib/gcc/pic32mx/4.8.3/../../../../pic32mx/lib\libpic32.a(defaultinterrupt.o)
 .debug_info    0x0002591a       0xd6 c:/program files (x86)/microchip/xc32/v2.15/bin/bin/../../lib/gcc/pic32mx/4.8.3/../../../../pic32mx/lib\libc.a(sprintf_cdnopuxX.eo)
 .debug_info    0x000259f0       0xd7 c:/program files (x86)/microchip/xc32/v2.15/bin/bin/../../lib/gcc/pic32mx/4.8.3/../../../../pic32mx/lib\libc.a(doprnt_cdnopuxX.eo)
 .debug_info    0x00025ac7       0xc8 c:/program files (x86)/microchip/xc32/v2.15/bin/bin/../../lib/gcc/pic32mx/4.8.3/../../../../pic32mx/lib\libc.a(_fputc_simple.o)
 .debug_info    0x00025b8f       0xcb c:/program files (x86)/microchip/xc32/v2.15/bin/bin/../../lib/gcc/pic32mx/4.8.3/../../../../pic32mx/lib\libc.a(_flsbuf_simple.o)
 .debug_info    0x00025c5a      0x770 c:/program files (x86)/microchip/xc32/v2.15/bin/bin/../../lib/gcc/pic32mx/4.8.3\libgcc.a(_udivdi3.o)
 .debug_info    0x000263ca      0x7ad c:/program files (x86)/microchip/xc32/v2.15/bin/bin/../../lib/gcc/pic32mx/4.8.3\libgcc.a(_umoddi3.o)
 .debug_info    0x00026b77       0xc4 c:/program files (x86)/microchip/xc32/v2.15/bin/bin/../../lib/gcc/pic32mx/4.8.3/../../../../pic32mx/lib\libpic32.a(write.o)
 .debug_info    0x00026c3b       0xcc c:/program files (x86)/microchip/xc32/v2.15/bin/bin/../../lib/gcc/pic32mx/4.8.3/../../../../pic32mx/lib\libpic32.a(_mon_putc.o)

.debug_abbrev   0x00000000     0x333a
 *(.debug_abbrev)
 .debug_abbrev  0x00000000      0x266 build/default/production/_ext/1361460060/drv_adc_static.o
 .debug_abbrev  0x00000266      0x1b1 build/default/production/_ext/1047219354/drv_oc_mapping.o
 .debug_abbrev  0x00000417      0x1af build/default/production/_ext/1047219354/drv_oc_static.o
 .debug_abbrev  0x000005c6      0x3f1 build/default/production/_ext/1407244131/drv_tmr_static.o
 .debug_abbrev  0x000009b7      0x2ec build/default/production/_ext/1407244131/drv_tmr_mapping.o
 .debug_abbrev  0x00000ca3      0x1fe build/default/production/_ext/327000265/drv_usart_mapping.o
 .debug_abbrev  0x00000ea1      0x3aa build/default/production/_ext/327000265/drv_usart_static.o
 .debug_abbrev  0x0000124b      0x26b build/default/production/_ext/639803181/sys_clk_pic32mx.o
 .debug_abbrev  0x000014b6      0x2a0 build/default/production/_ext/340578644/sys_devcon.o
 .debug_abbrev  0x00001756      0x204 build/default/production/_ext/340578644/sys_devcon_pic32mx.o
 .debug_abbrev  0x0000195a      0x28f build/default/production/_ext/822048611/sys_ports_static.o
 .debug_abbrev  0x00001be9      0x1c9 build/default/production/_ext/1688732426/system_init.o
 .debug_abbrev  0x00001db2      0x20d build/default/production/_ext/1688732426/system_interrupt.o
 .debug_abbrev  0x00001fbf       0xfc build/default/production/_ext/1688732426/system_exceptions.o
 .debug_abbrev  0x000020bb      0x11a build/default/production/_ext/1688732426/system_tasks.o
 .debug_abbrev  0x000021d5      0x387 build/default/production/_ext/1360937237/app.o
 .debug_abbrev  0x0000255c       0x93 build/default/production/_ext/1360937237/main.o
 .debug_abbrev  0x000025ef      0x108 build/default/production/_ext/1360937237/Mc32Debounce.o
 .debug_abbrev  0x000026f7       0x7e build/default/production/_ext/1360937237/Mc32Delays.o
 .debug_abbrev  0x00002775      0x1db build/default/production/_ext/1360937237/sound.o
 .debug_abbrev  0x00002950      0x2b9 build/default/production/_ext/1360937237/RF.o
 .debug_abbrev  0x00002c09       0xeb build/default/production/_ext/1360937237/led.o
 .debug_abbrev  0x00002cf4      0x237 build/default/production/_ext/1042686532/sys_int_pic32.o
 .debug_abbrev  0x00002f2b       0x28 c:/program files (x86)/microchip/xc32/v2.15/bin/bin/../../lib/gcc/pic32mx/4.8.3/../../../../pic32mx/lib\libpic32.a(default-bootstrap-exception-handler.o)
 .debug_abbrev  0x00002f53       0x28 c:/program files (x86)/microchip/xc32/v2.15/bin/bin/../../lib/gcc/pic32mx/4.8.3/../../../../pic32mx/lib\libpic32.a(default-on-reset.o)
 .debug_abbrev  0x00002f7b       0x28 c:/program files (x86)/microchip/xc32/v2.15/bin/bin/../../lib/gcc/pic32mx/4.8.3/../../../../pic32mx/lib\libpic32.a(default-on-bootstrap.o)
 .debug_abbrev  0x00002fa3       0x28 c:/program files (x86)/microchip/xc32/v2.15/bin/bin/../../lib/gcc/pic32mx/4.8.3/../../../../pic32mx/lib\libpic32.a(defaultinterrupt.o)
 .debug_abbrev  0x00002fcb       0x28 c:/program files (x86)/microchip/xc32/v2.15/bin/bin/../../lib/gcc/pic32mx/4.8.3/../../../../pic32mx/lib\libc.a(sprintf_cdnopuxX.eo)
 .debug_abbrev  0x00002ff3       0x28 c:/program files (x86)/microchip/xc32/v2.15/bin/bin/../../lib/gcc/pic32mx/4.8.3/../../../../pic32mx/lib\libc.a(doprnt_cdnopuxX.eo)
 .debug_abbrev  0x0000301b       0x28 c:/program files (x86)/microchip/xc32/v2.15/bin/bin/../../lib/gcc/pic32mx/4.8.3/../../../../pic32mx/lib\libc.a(_fputc_simple.o)
 .debug_abbrev  0x00003043       0x28 c:/program files (x86)/microchip/xc32/v2.15/bin/bin/../../lib/gcc/pic32mx/4.8.3/../../../../pic32mx/lib\libc.a(_flsbuf_simple.o)
 .debug_abbrev  0x0000306b      0x138 c:/program files (x86)/microchip/xc32/v2.15/bin/bin/../../lib/gcc/pic32mx/4.8.3\libgcc.a(_udivdi3.o)
 .debug_abbrev  0x000031a3      0x147 c:/program files (x86)/microchip/xc32/v2.15/bin/bin/../../lib/gcc/pic32mx/4.8.3\libgcc.a(_umoddi3.o)
 .debug_abbrev  0x000032ea       0x28 c:/program files (x86)/microchip/xc32/v2.15/bin/bin/../../lib/gcc/pic32mx/4.8.3/../../../../pic32mx/lib\libpic32.a(write.o)
 .debug_abbrev  0x00003312       0x28 c:/program files (x86)/microchip/xc32/v2.15/bin/bin/../../lib/gcc/pic32mx/4.8.3/../../../../pic32mx/lib\libpic32.a(_mon_putc.o)

.debug_line     0x00000000     0x6ae8
 *(.debug_line)
 .debug_line    0x00000000      0x6c2 build/default/production/_ext/1361460060/drv_adc_static.o
 .debug_line    0x000006c2      0x2f4 build/default/production/_ext/1047219354/drv_oc_mapping.o
 .debug_line    0x000009b6      0x36d build/default/production/_ext/1047219354/drv_oc_static.o
 .debug_line    0x00000d23      0x8bc build/default/production/_ext/1407244131/drv_tmr_static.o
 .debug_line    0x000015df      0x574 build/default/production/_ext/1407244131/drv_tmr_mapping.o
 .debug_line    0x00001b53      0x3ed build/default/production/_ext/327000265/drv_usart_mapping.o
 .debug_line    0x00001f40      0x7cf build/default/production/_ext/327000265/drv_usart_static.o
 .debug_line    0x0000270f      0x4bd build/default/production/_ext/639803181/sys_clk_pic32mx.o
 .debug_line    0x00002bcc      0x62f build/default/production/_ext/340578644/sys_devcon.o
 .debug_line    0x000031fb      0x38b build/default/production/_ext/340578644/sys_devcon_pic32mx.o
 .debug_line    0x00003586      0x915 build/default/production/_ext/822048611/sys_ports_static.o
 .debug_line    0x00003e9b      0x683 build/default/production/_ext/1688732426/system_init.o
 .debug_line    0x0000451e      0x29f build/default/production/_ext/1688732426/system_interrupt.o
 .debug_line    0x000047bd      0x241 build/default/production/_ext/1688732426/system_exceptions.o
 .debug_line    0x000049fe      0x246 build/default/production/_ext/1688732426/system_tasks.o
 .debug_line    0x00004c44      0x858 build/default/production/_ext/1360937237/app.o
 .debug_line    0x0000549c       0xcc build/default/production/_ext/1360937237/main.o
 .debug_line    0x00005568      0x170 build/default/production/_ext/1360937237/Mc32Debounce.o
 .debug_line    0x000056d8      0x113 build/default/production/_ext/1360937237/Mc32Delays.o
 .debug_line    0x000057eb      0x35b build/default/production/_ext/1360937237/sound.o
 .debug_line    0x00005b46      0x360 build/default/production/_ext/1360937237/RF.o
 .debug_line    0x00005ea6      0x1a6 build/default/production/_ext/1360937237/led.o
 .debug_line    0x0000604c      0x2d1 build/default/production/_ext/1042686532/sys_int_pic32.o
 .debug_line    0x0000631d       0xab c:/program files (x86)/microchip/xc32/v2.15/bin/bin/../../lib/gcc/pic32mx/4.8.3/../../../../pic32mx/lib\libpic32.a(default-bootstrap-exception-handler.o)
 .debug_line    0x000063c8       0x98 c:/program files (x86)/microchip/xc32/v2.15/bin/bin/../../lib/gcc/pic32mx/4.8.3/../../../../pic32mx/lib\libpic32.a(default-on-reset.o)
 .debug_line    0x00006460       0x9c c:/program files (x86)/microchip/xc32/v2.15/bin/bin/../../lib/gcc/pic32mx/4.8.3/../../../../pic32mx/lib\libpic32.a(default-on-bootstrap.o)
 .debug_line    0x000064fc       0xaa c:/program files (x86)/microchip/xc32/v2.15/bin/bin/../../lib/gcc/pic32mx/4.8.3/../../../../pic32mx/lib\libpic32.a(defaultinterrupt.o)
 .debug_line    0x000065a6       0x85 c:/program files (x86)/microchip/xc32/v2.15/bin/bin/../../lib/gcc/pic32mx/4.8.3/../../../../pic32mx/lib\libc.a(sprintf_cdnopuxX.eo)
 .debug_line    0x0000662b       0x84 c:/program files (x86)/microchip/xc32/v2.15/bin/bin/../../lib/gcc/pic32mx/4.8.3/../../../../pic32mx/lib\libc.a(doprnt_cdnopuxX.eo)
 .debug_line    0x000066af       0x83 c:/program files (x86)/microchip/xc32/v2.15/bin/bin/../../lib/gcc/pic32mx/4.8.3/../../../../pic32mx/lib\libc.a(_fputc_simple.o)
 .debug_line    0x00006732        0x0 c:/program files (x86)/microchip/xc32/v2.15/bin/bin/../../lib/gcc/pic32mx/4.8.3/../../../../pic32mx/lib\libc.a(ctype.o)
 .debug_line    0x00006732        0x0 c:/program files (x86)/microchip/xc32/v2.15/bin/bin/../../lib/gcc/pic32mx/4.8.3/../../../../pic32mx/lib\libc.a(_iob.o)
 .debug_line    0x00006732       0x84 c:/program files (x86)/microchip/xc32/v2.15/bin/bin/../../lib/gcc/pic32mx/4.8.3/../../../../pic32mx/lib\libc.a(_flsbuf_simple.o)
 .debug_line    0x000067b6      0x101 c:/program files (x86)/microchip/xc32/v2.15/bin/bin/../../lib/gcc/pic32mx/4.8.3\libgcc.a(_udivdi3.o)
 .debug_line    0x000068b7      0x113 c:/program files (x86)/microchip/xc32/v2.15/bin/bin/../../lib/gcc/pic32mx/4.8.3\libgcc.a(_umoddi3.o)
 .debug_line    0x000069ca       0x8d c:/program files (x86)/microchip/xc32/v2.15/bin/bin/../../lib/gcc/pic32mx/4.8.3/../../../../pic32mx/lib\libpic32.a(write.o)
 .debug_line    0x00006a57       0x91 c:/program files (x86)/microchip/xc32/v2.15/bin/bin/../../lib/gcc/pic32mx/4.8.3/../../../../pic32mx/lib\libpic32.a(_mon_putc.o)
 .debug_line    0x00006ae8        0x0 c:/program files (x86)/microchip/xc32/v2.15/bin/bin/../../lib/gcc/pic32mx/4.8.3/../../../../pic32mx/lib\libpic32.a(xc32_uart.o)

.debug_frame    0x00000000     0x1350
 *(.debug_frame)
 .debug_frame   0x00000000       0xd0 build/default/production/_ext/1361460060/drv_adc_static.o
 .debug_frame   0x000000d0       0xc8 build/default/production/_ext/1047219354/drv_oc_mapping.o
 .debug_frame   0x00000198       0x80 build/default/production/_ext/1047219354/drv_oc_static.o
 .debug_frame   0x00000218      0x200 build/default/production/_ext/1407244131/drv_tmr_static.o
 .debug_frame   0x00000418      0x218 build/default/production/_ext/1407244131/drv_tmr_mapping.o
 .debug_frame   0x00000630      0x19c build/default/production/_ext/327000265/drv_usart_mapping.o
 .debug_frame   0x000007cc      0x100 build/default/production/_ext/327000265/drv_usart_static.o
 .debug_frame   0x000008cc       0xa0 build/default/production/_ext/639803181/sys_clk_pic32mx.o
 .debug_frame   0x0000096c       0xe8 build/default/production/_ext/340578644/sys_devcon.o
 .debug_frame   0x00000a54       0x28 build/default/production/_ext/340578644/sys_devcon_pic32mx.o
 .debug_frame   0x00000a7c      0x270 build/default/production/_ext/822048611/sys_ports_static.o
 .debug_frame   0x00000cec       0x28 build/default/production/_ext/1688732426/system_init.o
 .debug_frame   0x00000d14       0x84 build/default/production/_ext/1688732426/system_interrupt.o
 .debug_frame   0x00000d98       0x28 build/default/production/_ext/1688732426/system_exceptions.o
 .debug_frame   0x00000dc0       0x28 build/default/production/_ext/1688732426/system_tasks.o
 .debug_frame   0x00000de8       0xb8 build/default/production/_ext/1360937237/app.o
 .debug_frame   0x00000ea0       0x28 build/default/production/_ext/1360937237/main.o
 .debug_frame   0x00000ec8       0x80 build/default/production/_ext/1360937237/Mc32Debounce.o
 .debug_frame   0x00000f48       0x70 build/default/production/_ext/1360937237/Mc32Delays.o
 .debug_frame   0x00000fb8       0x70 build/default/production/_ext/1360937237/sound.o
 .debug_frame   0x00001028       0x60 build/default/production/_ext/1360937237/RF.o
 .debug_frame   0x00001088       0x58 build/default/production/_ext/1360937237/led.o
 .debug_frame   0x000010e0       0x90 build/default/production/_ext/1042686532/sys_int_pic32.o
 .debug_frame   0x00001170       0x2c c:/program files (x86)/microchip/xc32/v2.15/bin/bin/../../lib/gcc/pic32mx/4.8.3/../../../../pic32mx/lib\libpic32.a(default-bootstrap-exception-handler.o)
 .debug_frame   0x0000119c       0x20 c:/program files (x86)/microchip/xc32/v2.15/bin/bin/../../lib/gcc/pic32mx/4.8.3/../../../../pic32mx/lib\libpic32.a(default-on-reset.o)
 .debug_frame   0x000011bc       0x20 c:/program files (x86)/microchip/xc32/v2.15/bin/bin/../../lib/gcc/pic32mx/4.8.3/../../../../pic32mx/lib\libpic32.a(default-on-bootstrap.o)
 .debug_frame   0x000011dc       0x20 c:/program files (x86)/microchip/xc32/v2.15/bin/bin/../../lib/gcc/pic32mx/4.8.3/../../../../pic32mx/lib\libpic32.a(defaultinterrupt.o)
 .debug_frame   0x000011fc       0x28 c:/program files (x86)/microchip/xc32/v2.15/bin/bin/../../lib/gcc/pic32mx/4.8.3/../../../../pic32mx/lib\libc.a(sprintf_cdnopuxX.eo)
 .debug_frame   0x00001224       0x38 c:/program files (x86)/microchip/xc32/v2.15/bin/bin/../../lib/gcc/pic32mx/4.8.3/../../../../pic32mx/lib\libc.a(doprnt_cdnopuxX.eo)
 .debug_frame   0x0000125c       0x2c c:/program files (x86)/microchip/xc32/v2.15/bin/bin/../../lib/gcc/pic32mx/4.8.3/../../../../pic32mx/lib\libc.a(_fputc_simple.o)
 .debug_frame   0x00001288       0x28 c:/program files (x86)/microchip/xc32/v2.15/bin/bin/../../lib/gcc/pic32mx/4.8.3/../../../../pic32mx/lib\libc.a(_flsbuf_simple.o)
 .debug_frame   0x000012b0       0x20 c:/program files (x86)/microchip/xc32/v2.15/bin/bin/../../lib/gcc/pic32mx/4.8.3\libgcc.a(_udivdi3.o)
 .debug_frame   0x000012d0       0x20 c:/program files (x86)/microchip/xc32/v2.15/bin/bin/../../lib/gcc/pic32mx/4.8.3\libgcc.a(_umoddi3.o)
 .debug_frame   0x000012f0       0x38 c:/program files (x86)/microchip/xc32/v2.15/bin/bin/../../lib/gcc/pic32mx/4.8.3/../../../../pic32mx/lib\libpic32.a(write.o)
 .debug_frame   0x00001328       0x28 c:/program files (x86)/microchip/xc32/v2.15/bin/bin/../../lib/gcc/pic32mx/4.8.3/../../../../pic32mx/lib\libpic32.a(_mon_putc.o)

.debug_str      0x00000000      0x3d4
 *(.debug_str)
 .debug_str     0x00000000       0x69 build/default/production/_ext/1361460060/drv_adc_static.o
 .debug_str     0x00000069       0x13 build/default/production/_ext/1047219354/drv_oc_mapping.o
 .debug_str     0x0000007c       0x1f build/default/production/_ext/1047219354/drv_oc_static.o
 .debug_str     0x0000009b       0x9d build/default/production/_ext/1407244131/drv_tmr_static.o
 .debug_str     0x00000138        0xe build/default/production/_ext/1407244131/drv_tmr_mapping.o
 .debug_str     0x00000146       0x23 build/default/production/_ext/327000265/drv_usart_mapping.o
 .debug_str     0x00000169       0xdc build/default/production/_ext/327000265/drv_usart_static.o
 .debug_str     0x00000245       0x46 build/default/production/_ext/639803181/sys_clk_pic32mx.o
 .debug_str     0x0000028b       0x16 build/default/production/_ext/340578644/sys_devcon.o
 .debug_str     0x000002a1        0x6 build/default/production/_ext/340578644/sys_devcon_pic32mx.o
 .debug_str     0x000002a7       0xa1 build/default/production/_ext/822048611/sys_ports_static.o
 .debug_str     0x00000348        0x0 build/default/production/_ext/1688732426/system_init.o
 .debug_str     0x00000348        0x0 build/default/production/_ext/1688732426/system_interrupt.o
 .debug_str     0x00000348        0x0 build/default/production/_ext/1688732426/system_exceptions.o
 .debug_str     0x00000348        0x0 build/default/production/_ext/1688732426/system_tasks.o
 .debug_str     0x00000348       0x34 build/default/production/_ext/1360937237/app.o
 .debug_str     0x0000037c        0x0 build/default/production/_ext/1360937237/main.o
 .debug_str     0x0000037c        0xc build/default/production/_ext/1360937237/Mc32Debounce.o
 .debug_str     0x00000388        0xd build/default/production/_ext/1360937237/Mc32Delays.o
 .debug_str     0x00000395        0xd build/default/production/_ext/1360937237/sound.o
 .debug_str     0x000003a2       0x15 build/default/production/_ext/1360937237/RF.o
 .debug_str     0x000003b7        0x0 build/default/production/_ext/1360937237/led.o
 .debug_str     0x000003b7       0x1d build/default/production/_ext/1042686532/sys_int_pic32.o
 .debug_str     0x000003d4        0x0 c:/program files (x86)/microchip/xc32/v2.15/bin/bin/../../lib/gcc/pic32mx/4.8.3/../../../../pic32mx/lib\libpic32.a(default-bootstrap-exception-handler.o)
 .debug_str     0x000003d4        0x0 c:/program files (x86)/microchip/xc32/v2.15/bin/bin/../../lib/gcc/pic32mx/4.8.3/../../../../pic32mx/lib\libpic32.a(default-on-reset.o)
 .debug_str     0x000003d4        0x0 c:/program files (x86)/microchip/xc32/v2.15/bin/bin/../../lib/gcc/pic32mx/4.8.3/../../../../pic32mx/lib\libpic32.a(default-on-bootstrap.o)
 .debug_str     0x000003d4        0x0 c:/program files (x86)/microchip/xc32/v2.15/bin/bin/../../lib/gcc/pic32mx/4.8.3/../../../../pic32mx/lib\libpic32.a(defaultinterrupt.o)
 .debug_str     0x000003d4        0x0 c:/program files (x86)/microchip/xc32/v2.15/bin/bin/../../lib/gcc/pic32mx/4.8.3/../../../../pic32mx/lib\libc.a(sprintf_cdnopuxX.eo)
 .debug_str     0x000003d4        0x0 c:/program files (x86)/microchip/xc32/v2.15/bin/bin/../../lib/gcc/pic32mx/4.8.3/../../../../pic32mx/lib\libc.a(doprnt_cdnopuxX.eo)
 .debug_str     0x000003d4        0x0 c:/program files (x86)/microchip/xc32/v2.15/bin/bin/../../lib/gcc/pic32mx/4.8.3/../../../../pic32mx/lib\libc.a(_fputc_simple.o)
 .debug_str     0x000003d4        0x0 c:/program files (x86)/microchip/xc32/v2.15/bin/bin/../../lib/gcc/pic32mx/4.8.3/../../../../pic32mx/lib\libc.a(ctype.o)
 .debug_str     0x000003d4        0x0 c:/program files (x86)/microchip/xc32/v2.15/bin/bin/../../lib/gcc/pic32mx/4.8.3/../../../../pic32mx/lib\libc.a(_iob.o)
 .debug_str     0x000003d4        0x0 c:/program files (x86)/microchip/xc32/v2.15/bin/bin/../../lib/gcc/pic32mx/4.8.3/../../../../pic32mx/lib\libc.a(_flsbuf_simple.o)
 .debug_str     0x000003d4        0x0 c:/program files (x86)/microchip/xc32/v2.15/bin/bin/../../lib/gcc/pic32mx/4.8.3\libgcc.a(_udivdi3.o)
 .debug_str     0x000003d4        0x0 c:/program files (x86)/microchip/xc32/v2.15/bin/bin/../../lib/gcc/pic32mx/4.8.3\libgcc.a(_umoddi3.o)
 .debug_str     0x000003d4        0x0 c:/program files (x86)/microchip/xc32/v2.15/bin/bin/../../lib/gcc/pic32mx/4.8.3/../../../../pic32mx/lib\libpic32.a(write.o)
 .debug_str     0x000003d4        0x0 c:/program files (x86)/microchip/xc32/v2.15/bin/bin/../../lib/gcc/pic32mx/4.8.3/../../../../pic32mx/lib\libpic32.a(_mon_putc.o)
 .debug_str     0x000003d4        0x0 c:/program files (x86)/microchip/xc32/v2.15/bin/bin/../../lib/gcc/pic32mx/4.8.3/../../../../pic32mx/lib\libpic32.a(xc32_uart.o)

.debug_loc      0x00000000     0x3b35
 *(.debug_loc)
 .debug_loc     0x00000000       0x42 build/default/production/_ext/1361460060/drv_adc_static.o
 .debug_loc     0x00000042      0x249 build/default/production/_ext/1047219354/drv_oc_mapping.o
 .debug_loc     0x0000028b       0x21 build/default/production/_ext/1047219354/drv_oc_static.o
 .debug_loc     0x000002ac      0x57e build/default/production/_ext/1407244131/drv_tmr_static.o
 .debug_loc     0x0000082a      0x3ff build/default/production/_ext/1407244131/drv_tmr_mapping.o
 .debug_loc     0x00000c29      0x4c6 build/default/production/_ext/327000265/drv_usart_mapping.o
 .debug_loc     0x000010ef      0x459 build/default/production/_ext/327000265/drv_usart_static.o
 .debug_loc     0x00001548       0x49 build/default/production/_ext/639803181/sys_clk_pic32mx.o
 .debug_loc     0x00001591       0xf0 build/default/production/_ext/340578644/sys_devcon.o
 .debug_loc     0x00001681       0x91 build/default/production/_ext/340578644/sys_devcon_pic32mx.o
 .debug_loc     0x00001712      0x7ca build/default/production/_ext/822048611/sys_ports_static.o
 .debug_loc     0x00001edc       0x21 build/default/production/_ext/1688732426/system_init.o
 .debug_loc     0x00001efd       0xb0 build/default/production/_ext/1360937237/app.o
 .debug_loc     0x00001fad      0x19b build/default/production/_ext/1360937237/Mc32Debounce.o
 .debug_loc     0x00002148       0x56 build/default/production/_ext/1360937237/Mc32Delays.o
 .debug_loc     0x0000219e       0xbc build/default/production/_ext/1360937237/sound.o
 .debug_loc     0x0000225a      0x214 build/default/production/_ext/1360937237/RF.o
 .debug_loc     0x0000246e      0x120 build/default/production/_ext/1360937237/led.o
 .debug_loc     0x0000258e       0x7c build/default/production/_ext/1042686532/sys_int_pic32.o
 .debug_loc     0x0000260a       0x2c c:/program files (x86)/microchip/xc32/v2.15/bin/bin/../../lib/gcc/pic32mx/4.8.3/../../../../pic32mx/lib\libpic32.a(default-bootstrap-exception-handler.o)
 .debug_loc     0x00002636      0xa6a c:/program files (x86)/microchip/xc32/v2.15/bin/bin/../../lib/gcc/pic32mx/4.8.3\libgcc.a(_udivdi3.o)
 .debug_loc     0x000030a0      0xa3d c:/program files (x86)/microchip/xc32/v2.15/bin/bin/../../lib/gcc/pic32mx/4.8.3\libgcc.a(_umoddi3.o)
 .debug_loc     0x00003add       0x38 c:/program files (x86)/microchip/xc32/v2.15/bin/bin/../../lib/gcc/pic32mx/4.8.3/../../../../pic32mx/lib\libpic32.a(write.o)
 .debug_loc     0x00003b15       0x20 c:/program files (x86)/microchip/xc32/v2.15/bin/bin/../../lib/gcc/pic32mx/4.8.3/../../../../pic32mx/lib\libpic32.a(_mon_putc.o)

.debug_macinfo
 *(.debug_macinfo)

.debug_weaknames
 *(.debug_weaknames)

.debug_funcnames
 *(.debug_funcnames)

.debug_typenames
 *(.debug_typenames)

.debug_varnames
 *(.debug_varnames)

.debug_pubtypes
 *(.debug_pubtypes)

.debug_ranges   0x00000000      0x9e8
 *(.debug_ranges)
 .debug_ranges  0x00000000       0x68 build/default/production/_ext/1361460060/drv_adc_static.o
 .debug_ranges  0x00000068       0x40 build/default/production/_ext/1047219354/drv_oc_mapping.o
 .debug_ranges  0x000000a8       0x40 build/default/production/_ext/1047219354/drv_oc_static.o
 .debug_ranges  0x000000e8      0x128 build/default/production/_ext/1407244131/drv_tmr_static.o
 .debug_ranges  0x00000210       0xd8 build/default/production/_ext/1407244131/drv_tmr_mapping.o
 .debug_ranges  0x000002e8       0x70 build/default/production/_ext/327000265/drv_usart_mapping.o
 .debug_ranges  0x00000358       0xa8 build/default/production/_ext/327000265/drv_usart_static.o
 .debug_ranges  0x00000400       0x40 build/default/production/_ext/639803181/sys_clk_pic32mx.o
 .debug_ranges  0x00000440       0x68 build/default/production/_ext/340578644/sys_devcon.o
 .debug_ranges  0x000004a8       0x10 build/default/production/_ext/340578644/sys_devcon_pic32mx.o
 .debug_ranges  0x000004b8      0x138 build/default/production/_ext/822048611/sys_ports_static.o
 .debug_ranges  0x000005f0       0x10 build/default/production/_ext/1688732426/system_init.o
 .debug_ranges  0x00000600       0x18 build/default/production/_ext/1688732426/system_interrupt.o
 .debug_ranges  0x00000618       0x10 build/default/production/_ext/1688732426/system_exceptions.o
 .debug_ranges  0x00000628       0x10 build/default/production/_ext/1688732426/system_tasks.o
 .debug_ranges  0x00000638       0x48 build/default/production/_ext/1360937237/app.o
 .debug_ranges  0x00000680       0x10 build/default/production/_ext/1360937237/main.o
 .debug_ranges  0x00000690       0x40 build/default/production/_ext/1360937237/Mc32Debounce.o
 .debug_ranges  0x000006d0       0x20 build/default/production/_ext/1360937237/Mc32Delays.o
 .debug_ranges  0x000006f0       0x30 build/default/production/_ext/1360937237/sound.o
 .debug_ranges  0x00000720       0x40 build/default/production/_ext/1360937237/RF.o
 .debug_ranges  0x00000760       0x28 build/default/production/_ext/1360937237/led.o
 .debug_ranges  0x00000788       0x50 build/default/production/_ext/1042686532/sys_int_pic32.o
 .debug_ranges  0x000007d8       0x10 c:/program files (x86)/microchip/xc32/v2.15/bin/bin/../../lib/gcc/pic32mx/4.8.3/../../../../pic32mx/lib\libpic32.a(default-bootstrap-exception-handler.o)
 .debug_ranges  0x000007e8       0x10 c:/program files (x86)/microchip/xc32/v2.15/bin/bin/../../lib/gcc/pic32mx/4.8.3/../../../../pic32mx/lib\libpic32.a(default-on-reset.o)
 .debug_ranges  0x000007f8       0x10 c:/program files (x86)/microchip/xc32/v2.15/bin/bin/../../lib/gcc/pic32mx/4.8.3/../../../../pic32mx/lib\libpic32.a(default-on-bootstrap.o)
 .debug_ranges  0x00000808       0x10 c:/program files (x86)/microchip/xc32/v2.15/bin/bin/../../lib/gcc/pic32mx/4.8.3/../../../../pic32mx/lib\libpic32.a(defaultinterrupt.o)
 .debug_ranges  0x00000818       0x10 c:/program files (x86)/microchip/xc32/v2.15/bin/bin/../../lib/gcc/pic32mx/4.8.3/../../../../pic32mx/lib\libc.a(sprintf_cdnopuxX.eo)
 .debug_ranges  0x00000828       0x10 c:/program files (x86)/microchip/xc32/v2.15/bin/bin/../../lib/gcc/pic32mx/4.8.3/../../../../pic32mx/lib\libc.a(doprnt_cdnopuxX.eo)
 .debug_ranges  0x00000838       0x10 c:/program files (x86)/microchip/xc32/v2.15/bin/bin/../../lib/gcc/pic32mx/4.8.3/../../../../pic32mx/lib\libc.a(_fputc_simple.o)
 .debug_ranges  0x00000848       0x10 c:/program files (x86)/microchip/xc32/v2.15/bin/bin/../../lib/gcc/pic32mx/4.8.3/../../../../pic32mx/lib\libc.a(_flsbuf_simple.o)
 .debug_ranges  0x00000858       0x98 c:/program files (x86)/microchip/xc32/v2.15/bin/bin/../../lib/gcc/pic32mx/4.8.3\libgcc.a(_udivdi3.o)
 .debug_ranges  0x000008f0       0xd8 c:/program files (x86)/microchip/xc32/v2.15/bin/bin/../../lib/gcc/pic32mx/4.8.3\libgcc.a(_umoddi3.o)
 .debug_ranges  0x000009c8       0x10 c:/program files (x86)/microchip/xc32/v2.15/bin/bin/../../lib/gcc/pic32mx/4.8.3/../../../../pic32mx/lib\libpic32.a(write.o)
 .debug_ranges  0x000009d8       0x10 c:/program files (x86)/microchip/xc32/v2.15/bin/bin/../../lib/gcc/pic32mx/4.8.3/../../../../pic32mx/lib\libpic32.a(_mon_putc.o)

.gnu.attributes
                0x00000000       0x10
 *(.gnu.attributes)
 .gnu.attributes
                0x00000000       0x10 build/default/production/_ext/1361460060/drv_adc_static.o
 .gnu.attributes
                0x00000010       0x10 build/default/production/_ext/1047219354/drv_oc_mapping.o
 .gnu.attributes
                0x00000020       0x10 build/default/production/_ext/1047219354/drv_oc_static.o
 .gnu.attributes
                0x00000030       0x10 build/default/production/_ext/1407244131/drv_tmr_static.o
 .gnu.attributes
                0x00000040       0x10 build/default/production/_ext/1407244131/drv_tmr_mapping.o
 .gnu.attributes
                0x00000050       0x10 build/default/production/_ext/327000265/drv_usart_mapping.o
 .gnu.attributes
                0x00000060       0x10 build/default/production/_ext/327000265/drv_usart_static.o
 .gnu.attributes
                0x00000070       0x10 build/default/production/_ext/639803181/sys_clk_pic32mx.o
 .gnu.attributes
                0x00000080       0x10 build/default/production/_ext/340578644/sys_devcon.o
 .gnu.attributes
                0x00000090       0x10 build/default/production/_ext/340578644/sys_devcon_pic32mx.o
 .gnu.attributes
                0x000000a0       0x10 build/default/production/_ext/822048611/sys_ports_static.o
 .gnu.attributes
                0x000000b0       0x10 build/default/production/_ext/1688732426/system_init.o
 .gnu.attributes
                0x000000c0       0x10 build/default/production/_ext/1688732426/system_interrupt.o
 .gnu.attributes
                0x000000d0       0x10 build/default/production/_ext/1688732426/system_exceptions.o
 .gnu.attributes
                0x000000e0       0x10 build/default/production/_ext/1688732426/system_tasks.o
 .gnu.attributes
                0x000000f0       0x10 build/default/production/_ext/1360937237/app.o
 .gnu.attributes
                0x00000100       0x10 build/default/production/_ext/1360937237/main.o
 .gnu.attributes
                0x00000110       0x10 build/default/production/_ext/1360937237/Mc32Debounce.o
 .gnu.attributes
                0x00000120       0x10 build/default/production/_ext/1360937237/Mc32Delays.o
 .gnu.attributes
                0x00000130       0x10 build/default/production/_ext/1360937237/sound.o
 .gnu.attributes
                0x00000140       0x10 build/default/production/_ext/1360937237/RF.o
 .gnu.attributes
                0x00000150       0x10 build/default/production/_ext/1360937237/led.o
 .gnu.attributes
                0x00000160       0x10 build/default/production/_ext/1042686532/sys_int_pic32.o
 .gnu.attributes
                0x00000170       0x10 c:/program files (x86)/microchip/xc32/v2.15/bin/bin/../../lib/gcc/pic32mx/4.8.3/../../../../pic32mx/lib\libpic32.a(default-bootstrap-exception-handler.o)
 .gnu.attributes
                0x00000180       0x10 c:/program files (x86)/microchip/xc32/v2.15/bin/bin/../../lib/gcc/pic32mx/4.8.3/../../../../pic32mx/lib\libpic32.a(default-on-reset.o)
 .gnu.attributes
                0x00000190       0x10 c:/program files (x86)/microchip/xc32/v2.15/bin/bin/../../lib/gcc/pic32mx/4.8.3/../../../../pic32mx/lib\libpic32.a(default-on-bootstrap.o)
 .gnu.attributes
                0x000001a0       0x10 c:/program files (x86)/microchip/xc32/v2.15/bin/bin/../../lib/gcc/pic32mx/4.8.3/../../../../pic32mx/lib\libpic32.a(defaultinterrupt.o)
 .gnu.attributes
                0x000001b0       0x10 c:/program files (x86)/microchip/xc32/v2.15/bin/bin/../../lib/gcc/pic32mx/4.8.3/../../../../pic32mx/lib\libc.a(sprintf_cdnopuxX.eo)
 .gnu.attributes
                0x000001c0       0x10 c:/program files (x86)/microchip/xc32/v2.15/bin/bin/../../lib/gcc/pic32mx/4.8.3/../../../../pic32mx/lib\libc.a(doprnt_cdnopuxX.eo)
 .gnu.attributes
                0x000001d0       0x10 c:/program files (x86)/microchip/xc32/v2.15/bin/bin/../../lib/gcc/pic32mx/4.8.3/../../../../pic32mx/lib\libc.a(_fputc_simple.o)
 .gnu.attributes
                0x000001e0       0x10 c:/program files (x86)/microchip/xc32/v2.15/bin/bin/../../lib/gcc/pic32mx/4.8.3/../../../../pic32mx/lib\libc.a(ctype.o)
 .gnu.attributes
                0x000001f0       0x10 c:/program files (x86)/microchip/xc32/v2.15/bin/bin/../../lib/gcc/pic32mx/4.8.3/../../../../pic32mx/lib\libc.a(_iob.o)
 .gnu.attributes
                0x00000200       0x10 c:/program files (x86)/microchip/xc32/v2.15/bin/bin/../../lib/gcc/pic32mx/4.8.3/../../../../pic32mx/lib\libc.a(_flsbuf_simple.o)
 .gnu.attributes
                0x00000210       0x10 c:/program files (x86)/microchip/xc32/v2.15/bin/bin/../../lib/gcc/pic32mx/4.8.3\libgcc.a(_udivdi3.o)
 .gnu.attributes
                0x00000220       0x10 c:/program files (x86)/microchip/xc32/v2.15/bin/bin/../../lib/gcc/pic32mx/4.8.3\libgcc.a(_umoddi3.o)
 .gnu.attributes
                0x00000230       0x10 c:/program files (x86)/microchip/xc32/v2.15/bin/bin/../../lib/gcc/pic32mx/4.8.3/../../../../pic32mx/lib\libpic32.a(write.o)
 .gnu.attributes
                0x00000240       0x10 c:/program files (x86)/microchip/xc32/v2.15/bin/bin/../../lib/gcc/pic32mx/4.8.3/../../../../pic32mx/lib\libpic32.a(_mon_putc.o)
 .gnu.attributes
                0x00000250       0x10 c:/program files (x86)/microchip/xc32/v2.15/bin/bin/../../lib/gcc/pic32mx/4.8.3/../../../../pic32mx/lib\libpic32.a(xc32_uart.o)
LOAD c:/program files (x86)/microchip/xc32/v2.15/bin/bin/../../lib/gcc/pic32mx/4.8.3\libgcc.a
START GROUP
LOAD c:/program files (x86)/microchip/xc32/v2.15/bin/bin/../../lib/gcc/pic32mx/4.8.3/../../../../pic32mx/lib\libpic32.a
LOAD c:/program files (x86)/microchip/xc32/v2.15/bin/bin/../../lib/gcc/pic32mx/4.8.3/../../../../pic32mx/lib\libdebug.a
LOAD c:/program files (x86)/microchip/xc32/v2.15/bin/bin/../../lib/gcc/pic32mx/4.8.3/../../../../pic32mx/lib\libpic32.a
LOAD c:/program files (x86)/microchip/xc32/v2.15/bin/bin/../../lib/gcc/pic32mx/4.8.3/../../../../pic32mx/lib\libc.a
LOAD c:/program files (x86)/microchip/xc32/v2.15/bin/bin/../../lib/gcc/pic32mx/4.8.3/../../../../pic32mx/lib\libc.a
LOAD c:/program files (x86)/microchip/xc32/v2.15/bin/bin/../../lib/gcc/pic32mx/4.8.3/../../../../pic32mx/lib\libm.a
LOAD c:/program files (x86)/microchip/xc32/v2.15/bin/bin/../../lib/gcc/pic32mx/4.8.3/../../../../pic32mx/lib\libe.a
LOAD c:/program files (x86)/microchip/xc32/v2.15/bin/bin/../../lib/gcc/pic32mx/4.8.3/../../../../pic32mx/lib\libdsp.a
LOAD c:/program files (x86)/microchip/xc32/v2.15/bin/bin/../../lib/gcc/pic32mx/4.8.3\libgcc.a
LOAD c:/program files (x86)/microchip/xc32/v2.15/bin/bin/../../lib/gcc/pic32mx/4.8.3/../../../../pic32mx/lib\libpic32.a
END GROUP
LOAD c:/program files (x86)/microchip/xc32/v2.15/bin/bin/../../lib/gcc/pic32mx/4.8.3\libgcc.a
OUTPUT(dist/default/production/1730_PortierWireless_InOut_02.X.production.elf elf32-tradlittlemips)
LOAD stack
LOAD data_init

.reginfo        0x00000000       0x18
 .reginfo       0x00000000       0x18 c:/program files (x86)/microchip/xc32/v2.15/bin/bin/../../lib/gcc/pic32mx/4.8.3/../../../../pic32mx/lib\debug-exception-return.o

.stack          0xa0000110      0x400
 .stack         0xa0000110      0x400 stack

.bss            0xa00000b0       0x44
 .bss           0xa00000b0       0x44 c:/program files (x86)/microchip/xc32/v2.15/bin/bin/../../lib/gcc/pic32mx/4.8.3/../../../../pic32mx/lib\libc.a(_iob.o)
                0xa00000b0                _sobuf
                0xa00000d0                _sibuf
                0xa00000f0                _outdone

._debug_exception
                0xbfc00480       0x2c
 ._debug_exception
                0xbfc00480       0x2c c:/program files (x86)/microchip/xc32/v2.15/bin/bin/../../lib/gcc/pic32mx/4.8.3/../../../../pic32mx/lib\debug-exception-return.o
                0xbfc00480                __DbgExecReturn

.text._vfprintf_cdnopuxX
                0x9d000000      0xc8c
 .text._vfprintf_cdnopuxX
                0x9d000000      0xc8c c:/program files (x86)/microchip/xc32/v2.15/bin/bin/../../lib/gcc/pic32mx/4.8.3/../../../../pic32mx/lib\libc.a(doprnt_cdnopuxX.eo)
                0x9d000000                _vfprintf_cdnopuxX

.text.Bell_Mgmt
                0x9d000c8c      0x4c8
 .text.Bell_Mgmt
                0x9d000c8c      0x4c8 build/default/production/_ext/1360937237/app.o
                0x9d000c8c                Bell_Mgmt

.text           0x9d001154      0x8bc
 .text          0x9d001154      0x464 c:/program files (x86)/microchip/xc32/v2.15/bin/bin/../../lib/gcc/pic32mx/4.8.3\libgcc.a(_umoddi3.o)
                0x9d001154                __umoddi3
 .text          0x9d0015b8      0x458 c:/program files (x86)/microchip/xc32/v2.15/bin/bin/../../lib/gcc/pic32mx/4.8.3\libgcc.a(_udivdi3.o)
                0x9d0015b8                __udivdi3

.text.Door_Mgmt
                0x9d001a10      0x3c4
 .text.Door_Mgmt
                0x9d001a10      0x3c4 build/default/production/_ext/1360937237/app.o
                0x9d001a10                Door_Mgmt

.text.IntHandlerDrvTmrInstance0
                0x9d001dd4      0x1ac
 .text.IntHandlerDrvTmrInstance0
                0x9d001dd4      0x1ac build/default/production/_ext/1688732426/system_interrupt.o
                0x9d001dd4                IntHandlerDrvTmrInstance0

.text.fputc     0x9d001f80      0x144
 .text.fputc    0x9d001f80      0x144 c:/program files (x86)/microchip/xc32/v2.15/bin/bin/../../lib/gcc/pic32mx/4.8.3/../../../../pic32mx/lib\libc.a(_fputc_simple.o)
                0x9d001f80                fputc

.text.DRV_USART0_Initialize
                0x9d0020c4      0x13c
 .text.DRV_USART0_Initialize
                0x9d0020c4      0x13c build/default/production/_ext/327000265/drv_usart_static.o
                0x9d0020c4                DRV_USART0_Initialize

.text.Led_Mgmt  0x9d002200      0x130
 .text.Led_Mgmt
                0x9d002200      0x130 build/default/production/_ext/1360937237/led.o
                0x9d002200                Led_Mgmt

.text._flsbuf   0x9d002330      0x12c
 .text._flsbuf  0x9d002330      0x12c c:/program files (x86)/microchip/xc32/v2.15/bin/bin/../../lib/gcc/pic32mx/4.8.3/../../../../pic32mx/lib\libc.a(_flsbuf_simple.o)
                0x9d002330                _flsbuf

.rodata         0x9d00245c      0x22c
 .rodata        0x9d00245c      0x128 build/default/production/_ext/1688732426/system_exceptions.o
 .rodata        0x9d002584      0x104 c:/program files (x86)/microchip/xc32/v2.15/bin/bin/../../lib/gcc/pic32mx/4.8.3/../../../../pic32mx/lib\libc.a(ctype.o)
                0x9d002584                _ctype

.text.RF_GetMessage
                0x9d002688       0xf8
 .text.RF_GetMessage
                0x9d002688       0xf8 build/default/production/_ext/1360937237/RF.o
                0x9d002688                RF_GetMessage

.text.SYS_PORTS_Initialize
                0x9d002780       0xe0
 .text.SYS_PORTS_Initialize
                0x9d002780       0xe0 build/default/production/_ext/822048611/sys_ports_static.o
                0x9d002780                SYS_PORTS_Initialize

.text.general_exception
                0x9d002860       0xdc
 .text.general_exception
                0x9d002860       0xdc c:/program files (x86)/microchip/xc32/v2.15/bin/bin/../../lib/gcc/pic32mx/4.8.3/../../../../pic32mx/lib\libpic32.a(general-exception.o)
                0x9d002860                _general_exception_context

.text.APP_Tasks
                0x9d00293c       0xd4
 .text.APP_Tasks
                0x9d00293c       0xd4 build/default/production/_ext/1360937237/app.o
                0x9d00293c                APP_Tasks

.text._mon_putc
                0x9d002a10       0xd4
 .text._mon_putc
                0x9d002a10       0xd4 c:/program files (x86)/microchip/xc32/v2.15/bin/bin/../../lib/gcc/pic32mx/4.8.3/../../../../pic32mx/lib\libpic32.a(_mon_putc.o)
                0x9d002a10                _mon_putc

.rodata         0x9d002ae8       0xd0
 .rodata        0x9d002ae8       0xd0 c:/program files (x86)/microchip/xc32/v2.15/bin/bin/../../lib/gcc/pic32mx/4.8.3/../../../../pic32mx/lib\libc.a(doprnt_cdnopuxX.eo)

.text.SetDoor   0x9d002bb8       0xcc
 .text.SetDoor  0x9d002bb8       0xcc build/default/production/_ext/1360937237/app.o
                0x9d002bb8                SetDoor

.text.isNewFrame
                0x9d002c84       0xb8
 .text.isNewFrame
                0x9d002c84       0xb8 build/default/production/_ext/1360937237/RF.o
                0x9d002c84                isNewFrame

.text.Sound_Mgmt
                0x9d002d3c       0xb4
 .text.Sound_Mgmt
                0x9d002d3c       0xb4 build/default/production/_ext/1360937237/sound.o
                0x9d002d3c                Sound_Mgmt

.dinit          0x9d002df0       0xb0
 .dinit         0x9d002df0       0xb0 data_init

.text.DRV_ADC_Initialize
                0x9d002ea0       0xa8
 .text.DRV_ADC_Initialize
                0x9d002ea0       0xa8 build/default/production/_ext/1361460060/drv_adc_static.o
                0x9d002ea0                DRV_ADC_Initialize

.text.DoDebounce
                0x9d002f48       0xa8
 .text.DoDebounce
                0x9d002f48       0xa8 build/default/production/_ext/1360937237/Mc32Debounce.o
                0x9d002f48                DoDebounce

.text.write     0x9d002ff0       0x9c
 .text.write    0x9d002ff0       0x9c c:/program files (x86)/microchip/xc32/v2.15/bin/bin/../../lib/gcc/pic32mx/4.8.3/../../../../pic32mx/lib\libpic32.a(write.o)
                0x9d002ff0                write

.text.RF_SendMessage
                0x9d00308c       0x98
 .text.RF_SendMessage
                0x9d00308c       0x98 build/default/production/_ext/1360937237/RF.o
                0x9d00308c                RF_SendMessage

.text.SYS_Initialize
                0x9d003124       0x90
 .text.SYS_Initialize